../Core/Drv/sensing/sensing.c:27:6:throttle_init	4	static
../Core/Drv/sensing/sensing.c:38:13:throttle_sensing	8	static
../Core/Drv/sensing/sensing.c:57:13:throttle_postProcess	8	static
../Core/Drv/sensing/sensing.c:75:6:throttle_update_proc	16	static
../Core/Drv/sensing/sensing.c:94:6:throttle_get_validateFlg	4	static
../Core/Drv/sensing/sensing.c:99:7:throttle_get_refVolt	4	static
../Core/Drv/sensing/sensing.c:104:10:throttle_get_CCR_ref	4	static
../Core/Drv/sensing/sensing.c:109:6:NTC_init	4	static
../Core/Drv/sensing/sensing.c:116:7:NTC_getTemper	4	static
../Core/Drv/sensing/sensing.c:121:6:NTC_getHeat_st	8	static
../Core/Drv/sensing/sensing.c:139:6:dcVolt_init	4	static
../Core/Drv/sensing/sensing.c:146:7:dcVolt_voltage	4	static
../Core/Drv/sensing/sensing.c:151:6:dcVolt_getLowVolt_st	8	static
../Core/Drv/sensing/sensing.c:168:6:sensingCurr_init	24	static
../Core/Drv/sensing/sensing.c:183:6:sensingCurr_getOverCurrent_st	32	static
../Core/Drv/sensing/sensing.c:230:7:sensing_getIphase_max	4	static
../Core/Drv/sensing/sensing.c:235:6:sensing_objs_Init	8	static
