../Core/Drv/tasksch/tasksch.c:62:20:tasksch_runTime_assertFunc	4	static
../Core/Drv/tasksch/tasksch.c:74:13:tasksch_taskConfig	24	static
../Core/Drv/tasksch/tasksch.c:98:13:tasksch_initTasks	24	static
../Core/Drv/tasksch/tasksch.c:113:20:tasksch_startCycleMeasurement	4	static
../Core/Drv/tasksch/tasksch.c:121:20:tasksch_endCycleMeasurement	4	static
../Core/Drv/tasksch/tasksch.c:131:13:tasksch_userInitCmpltHook	4	static
../Core/Drv/tasksch/tasksch.c:132:13:tasksch_userFeedFail_watchdogHook	4	static
../Core/Drv/tasksch/tasksch.c:133:13:tasksch_userMajorCycleHook	4	static
../Core/Drv/tasksch/tasksch.c:134:13:tasksch_user_preExit_schedulerHook	4	static
../Core/Drv/tasksch/tasksch.c:135:13:tasksch_userOverRun_thrshldExceedHook	4	static
../Core/Drv/tasksch/tasksch.c:137:13:tasksch_requestExit	4	static
../Core/Drv/tasksch/tasksch.c:141:13:tasksch_initWatchdog	4	static
../Core/Drv/tasksch/tasksch.c:142:13:tasksch_beginWatchdog	4	static
../Core/Drv/tasksch/tasksch.c:143:13:tasksch_feedWatchdog	4	static
../Core/Drv/tasksch/tasksch.c:147:13:tasksch_isMajorCycle	4	static
../Core/Drv/tasksch/tasksch.c:160:13:tasksch_update_majorCycle_infos	16	static,ignoring_inline_asm
../Core/Drv/tasksch/tasksch.c:173:13:tasksch_majorCycleEvent	8	static
../Core/Drv/tasksch/tasksch.c:201:13:tasksch_initEvent	8	static
../Core/Drv/tasksch/tasksch.c:216:13:tasksch_initExecClock	4	static
../Core/Drv/tasksch/tasksch.c:225:13:tasksch_updateExecClock	4	static
../Core/Drv/tasksch/tasksch.c:254:14:tasksch_getCurrTime	24	static,ignoring_inline_asm
../Core/Drv/tasksch/tasksch.c:267:10:tasksch_getOverRunCount	16	static
../Core/Drv/tasksch/tasksch.c:281:20:tasksch_checkOverrunThreshold	4	static
../Core/Drv/tasksch/tasksch.c:297:20:tasksch_detectOverRun	16	static
../Core/Drv/tasksch/tasksch.c:312:13:tasksch_infoInit	4	static
../Core/Drv/tasksch/tasksch.c:327:6:tasksch_init	8	static
../Core/Drv/tasksch/tasksch.c:389:6:tasksch_execTask	16	static,ignoring_inline_asm
../Core/Drv/tasksch/tasksch.c:440:6:tasksch_timeManager	16	static
