../Core/Drv/tasksch/tasksch_config.c:42:6:Task_1ms	8	static
../Core/Drv/tasksch/tasksch_config.c:50:6:Task_10ms	16	static
../Core/Drv/tasksch/tasksch_config.c:67:6:Task_10ms_2	4	static
../Core/Drv/tasksch/tasksch_config.c:85:6:Task_10ms_4	4	static
../Core/Drv/tasksch/tasksch_config.c:94:6:Task_10ms_6	4	static
../Core/Drv/tasksch/tasksch_config.c:103:6:Task_10ms_8	4	static
../Core/Drv/tasksch/tasksch_config.c:112:6:Task_100ms	8	static
../Core/Drv/tasksch/tasksch_config.c:118:6:Task_500ms	8	static
../Core/Drv/tasksch/tasksch_config.c:142:6:Task_1sec	8	static
../Core/Drv/tasksch/tasksch_config.c:148:6:tasksch_init_RegiTaskObj	4	static
../Core/Drv/tasksch/tasksch_config.c:213:6:tasksch_userOverRun_thrshldExceedHook	8	static
../Core/Drv/tasksch/tasksch_config.c:218:6:tasksch_userInitCmpltHook	8	static
../Core/Drv/tasksch/tasksch_config.c:233:6:tasksch_user_preExit_schedulerHook	8	static
../Core/Drv/tasksch/tasksch_config.c:238:6:tasksch_requestExit	8	static
../Core/Drv/tasksch/tasksch_config.c:243:6:tasksch_initWatchdog	16	static
../Core/Drv/tasksch/tasksch_config.c:259:6:tasksch_beginWatchdog	16	static
../Core/Drv/tasksch/tasksch_config.c:272:6:tasksch_feedWatchdog	16	static
../Core/Drv/tasksch/tasksch_config.c:288:6:tasksch_ValidateUser_RegiTaskInfos	16	static
../Core/Drv/tasksch/tasksch_config.c:303:6:tasksch_getUserRegi_taskInfo	16	static
