../Core/Drv/tasksch/tasksch_config.c:55:6:Task_1ms	8	static
../Core/Drv/tasksch/tasksch_config.c:63:6:Task_10ms	8	static
../Core/Drv/tasksch/tasksch_config.c:76:6:Task_10ms_2	8	static
../Core/Drv/tasksch/tasksch_config.c:92:6:Task_10ms_4	8	static
../Core/Drv/tasksch/tasksch_config.c:99:6:Task_10ms_6	8	static
../Core/Drv/tasksch/tasksch_config.c:106:6:Task_10ms_8	8	static
../Core/Drv/tasksch/tasksch_config.c:113:6:Task_100ms	8	static
../Core/Drv/tasksch/tasksch_config.c:119:6:Task_500ms	8	static
../Core/Drv/tasksch/tasksch_config.c:141:6:Task_1sec	4	static
../Core/Drv/tasksch/tasksch_config.c:146:6:tasksch_init_RegiTaskObj	4	static
../Core/Drv/tasksch/tasksch_config.c:211:6:tasksch_userInitCmpltHook	8	static
../Core/Drv/tasksch/tasksch_config.c:230:6:tasksch_requestExit	4	static
../Core/Drv/tasksch/tasksch_config.c:235:6:tasksch_initWatchdog	16	static
../Core/Drv/tasksch/tasksch_config.c:251:6:tasksch_beginWatchdog	16	static
../Core/Drv/tasksch/tasksch_config.c:274:6:tasksch_feedWatchdog	16	static
../Core/Drv/tasksch/tasksch_config.c:294:6:tasksch_ValidateUser_RegiTaskInfos	16	static
../Core/Drv/tasksch/tasksch_config.c:309:6:tasksch_getUserRegi_taskInfo	16	static
