../Core/Drv/tasksch/tasksch_config.c:55:6:Task_1ms	8	static
../Core/Drv/tasksch/tasksch_config.c:63:6:Task_10ms	8	static
../Core/Drv/tasksch/tasksch_config.c:79:6:Task_100ms	8	static
../Core/Drv/tasksch/tasksch_config.c:99:6:Task_100ms_2	8	static
../Core/Drv/tasksch/tasksch_config.c:110:6:Task_500ms	8	static
../Core/Drv/tasksch/tasksch_config.c:132:6:Task_1sec	4	static
../Core/Drv/tasksch/tasksch_config.c:137:6:tasksch_init_RegiTaskObj	4	static
../Core/Drv/tasksch/tasksch_config.c:181:6:tasksch_userInitCmpltHook	8	static
../Core/Drv/tasksch/tasksch_config.c:200:6:tasksch_requestExit	4	static
../Core/Drv/tasksch/tasksch_config.c:205:6:tasksch_initWatchdog	16	static
../Core/Drv/tasksch/tasksch_config.c:221:6:tasksch_beginWatchdog	16	static
../Core/Drv/tasksch/tasksch_config.c:244:6:tasksch_feedWatchdog	16	static
../Core/Drv/tasksch/tasksch_config.c:264:6:tasksch_ValidateUser_RegiTaskInfos	16	static
../Core/Drv/tasksch/tasksch_config.c:279:6:tasksch_getUserRegi_taskInfo	16	static
