../Core/Drv/tasksch/tasksch_config.c:55:6:Task_1ms	8	static
../Core/Drv/tasksch/tasksch_config.c:63:6:Task_10ms	8	static
../Core/Drv/tasksch/tasksch_config.c:80:6:Task_100ms	16	static
../Core/Drv/tasksch/tasksch_config.c:98:6:Task_500ms	8	static
../Core/Drv/tasksch/tasksch_config.c:120:6:Task_1sec	4	static
../Core/Drv/tasksch/tasksch_config.c:125:6:tasksch_init_RegiTaskObj	4	static
../Core/Drv/tasksch/tasksch_config.c:165:6:tasksch_userInitCmpltHook	8	static
../Core/Drv/tasksch/tasksch_config.c:184:6:tasksch_requestExit	4	static
../Core/Drv/tasksch/tasksch_config.c:189:6:tasksch_initWatchdog	16	static
../Core/Drv/tasksch/tasksch_config.c:205:6:tasksch_beginWatchdog	16	static
../Core/Drv/tasksch/tasksch_config.c:228:6:tasksch_feedWatchdog	16	static
../Core/Drv/tasksch/tasksch_config.c:248:6:tasksch_ValidateUser_RegiTaskInfos	16	static
../Core/Drv/tasksch/tasksch_config.c:263:6:tasksch_getUserRegi_taskInfo	16	static
