../Drivers/CMSIS/Include/core_cm7.h:1896:22:__NVIC_EnableIRQ	16	static
../Core/Src/tim.c:20:13:tim_tim2_init	4	static
../Core/Src/tim.c:34:14:tim_pwm1_cal_period_us	24	static
../Core/Src/tim.c:47:13:tim_pwm1_init	8	static
../Core/Src/tim.c:90:6:tim_pwm1_nvic_counterSet	8	static
../Core/Src/tim.c:101:6:tim_init	8	static
../Core/Src/tim.c:109:6:tim_Pwm1_Mute_channel	16	static
../Core/Src/tim.c:134:6:tim_Pwm1_Unmute_channel	16	static
../Core/Src/tim.c:159:6:tim_Pwm1_setCmpVal	24	static
../Core/Src/tim.c:193:10:tim_getTim2_cnt	4	static
../Core/Src/tim.c:198:10:tim_getTim2_maxCnt	4	static
../Core/Src/tim.c:203:10:tim_getPwm1_cnt	4	static
../Core/Src/tim.c:208:10:tim_getPwm1_maxCnt	4	static
../Core/Src/tim.c:213:6:tim_getPwm1_ISR_flg	4	static
../Core/Src/tim.c:218:6:tim_clrPwm1_ISR_flg	4	static
