../Drivers/CMSIS/Include/core_cm7.h:1896:22:__NVIC_EnableIRQ	16	static
../Drivers/CMSIS/Include/core_cm7.h:2024:22:__NVIC_SetPriority	16	static
../Core/Src/uart.c:16:13:uart_base_init	24	static
../Core/Src/uart.c:52:13:uart_rxbuff_clrBuff	24	static
../Core/Src/uart.c:63:6:uart_AT09_init	24	static
../Core/Src/uart.c:77:6:uart_debug_init	24	static
../Core/Src/uart.c:90:20:uart_sendChar_polling	16	static
../Core/Src/uart.c:99:20:uart_sendStr_polling	32	static
../Core/Src/uart.c:109:20:uart_send_uint	32	static
../Core/Src/uart.c:134:20:uart_send_int	16	static
../Core/Src/uart.c:143:20:uart_sendFloat	40	static
../Core/Src/uart.c:175:20:uart_recv_ISR_handler	24	static
../Core/Src/uart.c:209:20:uart_recvExtract_string	32	static
../Core/Src/uart.c:243:6:uart_AT09_sendStr_polling	16	static
../Core/Src/uart.c:248:6:uart_AT09_sendInteger_polling	16	static
../Core/Src/uart.c:253:6:uart_AT09_sendFloat_polling	16	static
../Core/Src/uart.c:258:6:uart_debug_sendStr_polling	16	static
../Core/Src/uart.c:263:6:uart_debug_sendInt_polling	16	static
../Core/Src/uart.c:268:6:uart_debug_sendFloat_polling	16	static
../Core/Src/uart.c:273:6:uart_debug_enable_rxInterrupt	8	static
../Core/Src/uart.c:279:6:uart_debug_recvExtract_string	24	static
../Core/Src/uart.c:284:6:USART2_IRQHandler	8	static
