../Core/Src/utils.c:23:10:utils_ipol_u16u16	40	static
../Core/Src/utils.c:86:10:utils_ipol_u16u32	48	static
../Core/Src/utils.c:145:9:utils_ipol_s16s16	40	static
../Core/Src/utils.c:204:9:utils_ipol_s16u16	40	static
../Core/Src/utils.c:260:9:utils_ipol_u32s16	48	static
../Core/Src/utils.c:322:14:utils_LPF_get_Alpha	32	static
../Core/Src/utils.c:331:6:utils_LPF_RPM_init	8	static
../Core/Src/utils.c:340:6:utils_LPF_phaseCurr_init	8	static
../Core/Src/utils.c:349:7:utils_LPF_RPM_filter	16	static
../Core/Src/utils.c:368:7:utils_LPF_phaseCurr_filter	16	static
../Core/Src/utils.c:392:6:utils_ramp2Tgt	24	static
