Archive member included to satisfy reference by file (symbol)

C:/ST/STM32CubeIDE_1.19.0/STM32CubeIDE/plugins/com.st.stm32cube.ide.mcu.externaltools.gnu-tools-for-stm32.13.3.rel1.win32_1.0.0.202411081344/tools/bin/../lib/gcc/arm-none-eabi/13.3.1/../../../../arm-none-eabi/lib/thumb/v7e-m+dp/hard\libc_nano.a(libc_a-exit.o)
                              C:/ST/STM32CubeIDE_1.19.0/STM32CubeIDE/plugins/com.st.stm32cube.ide.mcu.externaltools.gnu-tools-for-stm32.13.3.rel1.win32_1.0.0.202411081344/tools/bin/../lib/gcc/arm-none-eabi/13.3.1/../../../../arm-none-eabi/lib/thumb/v7e-m+dp/hard/crt0.o (exit)
C:/ST/STM32CubeIDE_1.19.0/STM32CubeIDE/plugins/com.st.stm32cube.ide.mcu.externaltools.gnu-tools-for-stm32.13.3.rel1.win32_1.0.0.202411081344/tools/bin/../lib/gcc/arm-none-eabi/13.3.1/../../../../arm-none-eabi/lib/thumb/v7e-m+dp/hard\libc_nano.a(libc_a-findfp.o)
                              C:/ST/STM32CubeIDE_1.19.0/STM32CubeIDE/plugins/com.st.stm32cube.ide.mcu.externaltools.gnu-tools-for-stm32.13.3.rel1.win32_1.0.0.202411081344/tools/bin/../lib/gcc/arm-none-eabi/13.3.1/../../../../arm-none-eabi/lib/thumb/v7e-m+dp/hard\libc_nano.a(libc_a-exit.o) (__stdio_exit_handler)
C:/ST/STM32CubeIDE_1.19.0/STM32CubeIDE/plugins/com.st.stm32cube.ide.mcu.externaltools.gnu-tools-for-stm32.13.3.rel1.win32_1.0.0.202411081344/tools/bin/../lib/gcc/arm-none-eabi/13.3.1/../../../../arm-none-eabi/lib/thumb/v7e-m+dp/hard\libc_nano.a(libc_a-fwalk.o)
                              C:/ST/STM32CubeIDE_1.19.0/STM32CubeIDE/plugins/com.st.stm32cube.ide.mcu.externaltools.gnu-tools-for-stm32.13.3.rel1.win32_1.0.0.202411081344/tools/bin/../lib/gcc/arm-none-eabi/13.3.1/../../../../arm-none-eabi/lib/thumb/v7e-m+dp/hard\libc_nano.a(libc_a-findfp.o) (_fwalk_sglue)
C:/ST/STM32CubeIDE_1.19.0/STM32CubeIDE/plugins/com.st.stm32cube.ide.mcu.externaltools.gnu-tools-for-stm32.13.3.rel1.win32_1.0.0.202411081344/tools/bin/../lib/gcc/arm-none-eabi/13.3.1/../../../../arm-none-eabi/lib/thumb/v7e-m+dp/hard\libc_nano.a(libc_a-stdio.o)
                              C:/ST/STM32CubeIDE_1.19.0/STM32CubeIDE/plugins/com.st.stm32cube.ide.mcu.externaltools.gnu-tools-for-stm32.13.3.rel1.win32_1.0.0.202411081344/tools/bin/../lib/gcc/arm-none-eabi/13.3.1/../../../../arm-none-eabi/lib/thumb/v7e-m+dp/hard\libc_nano.a(libc_a-findfp.o) (__sread)
C:/ST/STM32CubeIDE_1.19.0/STM32CubeIDE/plugins/com.st.stm32cube.ide.mcu.externaltools.gnu-tools-for-stm32.13.3.rel1.win32_1.0.0.202411081344/tools/bin/../lib/gcc/arm-none-eabi/13.3.1/../../../../arm-none-eabi/lib/thumb/v7e-m+dp/hard\libc_nano.a(libc_a-memset.o)
                              C:/ST/STM32CubeIDE_1.19.0/STM32CubeIDE/plugins/com.st.stm32cube.ide.mcu.externaltools.gnu-tools-for-stm32.13.3.rel1.win32_1.0.0.202411081344/tools/bin/../lib/gcc/arm-none-eabi/13.3.1/../../../../arm-none-eabi/lib/thumb/v7e-m+dp/hard/crt0.o (memset)
C:/ST/STM32CubeIDE_1.19.0/STM32CubeIDE/plugins/com.st.stm32cube.ide.mcu.externaltools.gnu-tools-for-stm32.13.3.rel1.win32_1.0.0.202411081344/tools/bin/../lib/gcc/arm-none-eabi/13.3.1/../../../../arm-none-eabi/lib/thumb/v7e-m+dp/hard\libc_nano.a(libc_a-closer.o)
                              C:/ST/STM32CubeIDE_1.19.0/STM32CubeIDE/plugins/com.st.stm32cube.ide.mcu.externaltools.gnu-tools-for-stm32.13.3.rel1.win32_1.0.0.202411081344/tools/bin/../lib/gcc/arm-none-eabi/13.3.1/../../../../arm-none-eabi/lib/thumb/v7e-m+dp/hard\libc_nano.a(libc_a-stdio.o) (_close_r)
C:/ST/STM32CubeIDE_1.19.0/STM32CubeIDE/plugins/com.st.stm32cube.ide.mcu.externaltools.gnu-tools-for-stm32.13.3.rel1.win32_1.0.0.202411081344/tools/bin/../lib/gcc/arm-none-eabi/13.3.1/../../../../arm-none-eabi/lib/thumb/v7e-m+dp/hard\libc_nano.a(libc_a-reent.o)
                              C:/ST/STM32CubeIDE_1.19.0/STM32CubeIDE/plugins/com.st.stm32cube.ide.mcu.externaltools.gnu-tools-for-stm32.13.3.rel1.win32_1.0.0.202411081344/tools/bin/../lib/gcc/arm-none-eabi/13.3.1/../../../../arm-none-eabi/lib/thumb/v7e-m+dp/hard\libc_nano.a(libc_a-closer.o) (errno)
C:/ST/STM32CubeIDE_1.19.0/STM32CubeIDE/plugins/com.st.stm32cube.ide.mcu.externaltools.gnu-tools-for-stm32.13.3.rel1.win32_1.0.0.202411081344/tools/bin/../lib/gcc/arm-none-eabi/13.3.1/../../../../arm-none-eabi/lib/thumb/v7e-m+dp/hard\libc_nano.a(libc_a-impure.o)
                              C:/ST/STM32CubeIDE_1.19.0/STM32CubeIDE/plugins/com.st.stm32cube.ide.mcu.externaltools.gnu-tools-for-stm32.13.3.rel1.win32_1.0.0.202411081344/tools/bin/../lib/gcc/arm-none-eabi/13.3.1/../../../../arm-none-eabi/lib/thumb/v7e-m+dp/hard\libc_nano.a(libc_a-reent.o) (_impure_ptr)
C:/ST/STM32CubeIDE_1.19.0/STM32CubeIDE/plugins/com.st.stm32cube.ide.mcu.externaltools.gnu-tools-for-stm32.13.3.rel1.win32_1.0.0.202411081344/tools/bin/../lib/gcc/arm-none-eabi/13.3.1/../../../../arm-none-eabi/lib/thumb/v7e-m+dp/hard\libc_nano.a(libc_a-lseekr.o)
[...]
Memory Configuration

Name             Origin             Length             Attributes
RAM              0x20000000         0x00080000         xrw
FLASH            0x08000000         0x00200000         xr
*default*        0x00000000         0xffffffff

Linker script and memory map

LOAD C:/ST/STM32CubeIDE_1.19.0/STM32CubeIDE/plugins/com.st.stm32cube.ide.mcu.externaltools.gnu-tools-for-stm32.13.3.rel1.win32_1.0.0.202411081344/tools/bin/../lib/gcc/arm-none-eabi/13.3.1/thumb/v7e-m+dp/hard/crti.o
LOAD C:/ST/STM32CubeIDE_1.19.0/STM32CubeIDE/plugins/com.st.stm32cube.ide.mcu.externaltools.gnu-tools-for-stm32.13.3.rel1.win32_1.0.0.202411081344/tools/bin/../lib/gcc/arm-none-eabi/13.3.1/thumb/v7e-m+dp/hard/crtbegin.o
LOAD C:/ST/STM32CubeIDE_1.19.0/STM32CubeIDE/plugins/com.st.stm32cube.ide.mcu.externaltools.gnu-tools-for-stm32.13.3.rel1.win32_1.0.0.202411081344/tools/bin/../lib/gcc/arm-none-eabi/13.3.1/../../../../arm-none-eabi/lib/thumb/v7e-m+dp/hard/crt0.o
LOAD ./Core/Drv/hallSens/hallsens.o
LOAD ./Core/Drv/mtrCtrl/mtrCtrl.o
LOAD ./Core/Drv/sensing/sensing.o
LOAD ./Core/Drv/tasksch/tasksch.o
LOAD ./Core/Drv/tasksch/tasksch_config.o
LOAD ./Core/Src/Gpio.o
LOAD ./Core/Src/adc.o
LOAD ./Core/Src/dac.o
LOAD ./Core/Src/exti.o
LOAD ./Core/Src/isr.o
LOAD ./Core/Src/main.o
LOAD ./Core/Src/stm32f7xx_hal_msp.o
LOAD ./Core/Src/stm32f7xx_it.o
LOAD ./Core/Src/syscalls.o
LOAD ./Core/Src/sysmem.o
LOAD ./Core/Src/system.o
LOAD ./Core/Src/system_stm32f7xx.o
LOAD ./Core/Src/tim.o
LOAD ./Core/Src/uart.o
LOAD ./Core/Src/utils.o
LOAD ./Core/Startup/startup_stm32f767vitx.o
LOAD ./Drivers/STM32F7xx_HAL_Driver/Src/stm32f7xx_hal.o
LOAD ./Drivers/STM32F7xx_HAL_Driver/Src/stm32f7xx_hal_cortex.o
LOAD ./Drivers/STM32F7xx_HAL_Driver/Src/stm32f7xx_hal_dma.o
LOAD ./Drivers/STM32F7xx_HAL_Driver/Src/stm32f7xx_hal_dma_ex.o
LOAD ./Drivers/STM32F7xx_HAL_Driver/Src/stm32f7xx_hal_exti.o
LOAD ./Drivers/STM32F7xx_HAL_Driver/Src/stm32f7xx_hal_flash.o
LOAD ./Drivers/STM32F7xx_HAL_Driver/Src/stm32f7xx_hal_flash_ex.o
LOAD ./Drivers/STM32F7xx_HAL_Driver/Src/stm32f7xx_hal_gpio.o
LOAD ./Drivers/STM32F7xx_HAL_Driver/Src/stm32f7xx_hal_i2c.o
LOAD ./Drivers/STM32F7xx_HAL_Driver/Src/stm32f7xx_hal_i2c_ex.o
LOAD ./Drivers/STM32F7xx_HAL_Driver/Src/stm32f7xx_hal_pwr.o
LOAD ./Drivers/STM32F7xx_HAL_Driver/Src/stm32f7xx_hal_pwr_ex.o
LOAD ./Drivers/STM32F7xx_HAL_Driver/Src/stm32f7xx_hal_rcc.o
LOAD ./Drivers/STM32F7xx_HAL_Driver/Src/stm32f7xx_hal_rcc_ex.o
START GROUP
LOAD C:/ST/STM32CubeIDE_1.19.0/STM32CubeIDE/plugins/com.st.stm32cube.ide.mcu.externaltools.gnu-tools-for-stm32.13.3.rel1.win32_1.0.0.202411081344/tools/bin/../lib/gcc/arm-none-eabi/13.3.1/../../../../arm-none-eabi/lib/thumb/v7e-m+dp/hard\libc_nano.a
LOAD C:/ST/STM32CubeIDE_1.19.0/STM32CubeIDE/plugins/com.st.stm32cube.ide.mcu.externaltools.gnu-tools-for-stm32.13.3.rel1.win32_1.0.0.202411081344/tools/bin/../lib/gcc/arm-none-eabi/13.3.1/../../../../arm-none-eabi/lib/thumb/v7e-m+dp/hard\libm.a
END GROUP
START GROUP
LOAD C:/ST/STM32CubeIDE_1.19.0/STM32CubeIDE/plugins/com.st.stm32cube.ide.mcu.externaltools.gnu-tools-for-stm32.13.3.rel1.win32_1.0.0.202411081344/tools/bin/../lib/gcc/arm-none-eabi/13.3.1/thumb/v7e-m+dp/hard\libgcc.a
LOAD C:/ST/STM32CubeIDE_1.19.0/STM32CubeIDE/plugins/com.st.stm32cube.ide.mcu.externaltools.gnu-tools-for-stm32.13.3.rel1.win32_1.0.0.202411081344/tools/bin/../lib/gcc/arm-none-eabi/13.3.1/../../../../arm-none-eabi/lib/thumb/v7e-m+dp/hard\libc_nano.a
END GROUP
START GROUP
LOAD C:/ST/STM32CubeIDE_1.19.0/STM32CubeIDE/plugins/com.st.stm32cube.ide.mcu.externaltools.gnu-tools-for-stm32.13.3.rel1.win32_1.0.0.202411081344/tools/bin/../lib/gcc/arm-none-eabi/13.3.1/thumb/v7e-m+dp/hard\libgcc.a
LOAD C:/ST/STM32CubeIDE_1.19.0/STM32CubeIDE/plugins/com.st.stm32cube.ide.mcu.externaltools.gnu-tools-for-stm32.13.3.rel1.win32_1.0.0.202411081344/tools/bin/../lib/gcc/arm-none-eabi/13.3.1/../../../../arm-none-eabi/lib/thumb/v7e-m+dp/hard\libc_nano.a
LOAD C:/ST/STM32CubeIDE_1.19.0/STM32CubeIDE/plugins/com.st.stm32cube.ide.mcu.externaltools.gnu-tools-for-stm32.13.3.rel1.win32_1.0.0.202411081344/tools/bin/../lib/gcc/arm-none-eabi/13.3.1/../../../../arm-none-eabi/lib/thumb/v7e-m+dp/hard\libnosys.a
END GROUP
START GROUP
LOAD C:/ST/STM32CubeIDE_1.19.0/STM32CubeIDE/plugins/com.st.stm32cube.ide.mcu.externaltools.gnu-tools-for-stm32.13.3.rel1.win32_1.0.0.202411081344/tools/bin/../lib/gcc/arm-none-eabi/13.3.1/thumb/v7e-m+dp/hard\libgcc.a
LOAD C:/ST/STM32CubeIDE_1.19.0/STM32CubeIDE/plugins/com.st.stm32cube.ide.mcu.externaltools.gnu-tools-for-stm32.13.3.rel1.win32_1.0.0.202411081344/tools/bin/../lib/gcc/arm-none-eabi/13.3.1/../../../../arm-none-eabi/lib/thumb/v7e-m+dp/hard\libc_nano.a
LOAD C:/ST/STM32CubeIDE_1.19.0/STM32CubeIDE/plugins/com.st.stm32cube.ide.mcu.externaltools.gnu-tools-for-stm32.13.3.rel1.win32_1.0.0.202411081344/tools/bin/../lib/gcc/arm-none-eabi/13.3.1/../../../../arm-none-eabi/lib/thumb/v7e-m+dp/hard\libnosys.a
END GROUP
LOAD C:/ST/STM32CubeIDE_1.19.0/STM32CubeIDE/plugins/com.st.stm32cube.ide.mcu.externaltools.gnu-tools-for-stm32.13.3.rel1.win32_1.0.0.202411081344/tools/bin/../lib/gcc/arm-none-eabi/13.3.1/thumb/v7e-m+dp/hard/crtend.o
LOAD C:/ST/STM32CubeIDE_1.19.0/STM32CubeIDE/plugins/com.st.stm32cube.ide.mcu.externaltools.gnu-tools-for-stm32.13.3.rel1.win32_1.0.0.202411081344/tools/bin/../lib/gcc/arm-none-eabi/13.3.1/thumb/v7e-m+dp/hard/crtn.o
                0x20080000                        _estack = (ORIGIN (RAM) + LENGTH (RAM))
                0x00000200                        _Min_Heap_Size = 0x200
                0x00000400                        _Min_Stack_Size = 0x400

.isr_vector     0x08000000      0x1f8
                0x08000000                        . = ALIGN (0x4)
 *(.isr_vector)
 .isr_vector    0x08000000      0x1f8 ./Core/Startup/startup_stm32f767vitx.o
                0x08000000                g_pfnVectors
                0x080001f8                        . = ALIGN (0x4)

.text           0x080001f8     0x37f8
                0x080001f8                        . = ALIGN (0x4)
 *(.text)
 .text          0x080001f8       0x40 C:/ST/STM32CubeIDE_1.19.0/STM32CubeIDE/plugins/com.st.stm32cube.ide.mcu.externaltools.gnu-tools-for-stm32.13.3.rel1.win32_1.0.0.202411081344/tools/bin/../lib/gcc/arm-none-eabi/13.3.1/thumb/v7e-m+dp/hard/crtbegin.o
 *(.text*)
 .text.hallsens_update_hallSeq
                0x08000238       0x80 ./Core/Drv/hallSens/hallsens.o
                0x08000238                hallsens_update_hallSeq
 .text.hallsens_init
                0x080002b8       0xa4 ./Core/Drv/hallSens/hallsens.o
                0x080002b8                hallsens_init
 .text.hallsens_set_PWMduty
                0x0800035c       0xd8 ./Core/Drv/hallSens/hallsens.o
 .text.hallsens_setPhase_FWD
                0x08000434       0xb4 ./Core/Drv/hallSens/hallsens.o
 .text.hallsens_update_swtPattern
                0x080004e8        0xc ./Core/Drv/hallSens/hallsens.o
                0x080004e8                hallsens_update_swtPattern
 .text.hallsens_cal_motorRPM
                0x080004f4       0x98 ./Core/Drv/hallSens/hallsens.o
                0x080004f4                hallsens_cal_motorRPM
 .text.hallsens_check_zeroSpd
                0x0800058c       0x58 ./Core/Drv/hallSens/hallsens.o
                0x0800058c                hallsens_check_zeroSpd
 .text.hallsens_get_motorRPM
                0x080005e4       0x1c ./Core/Drv/hallSens/hallsens.o
                0x080005e4                hallsens_get_motorRPM
 .text.mtrCtrl_PI_clearTerms
                0x08000600       0x38 ./Core/Drv/mtrCtrl/mtrCtrl.o
                0x08000600                mtrCtrl_PI_clearTerms
 .text.mtrCtrl_PI_setTunings
                0x08000638       0x2c ./Core/Drv/mtrCtrl/mtrCtrl.o
                0x08000638                mtrCtrl_PI_setTunings
 .text.mtrCtrl_PI_setRPMRef
                0x08000664       0x20 ./Core/Drv/mtrCtrl/mtrCtrl.o
                0x08000664                mtrCtrl_PI_setRPMRef
 .text.mtrCtrl_PI_init
                0x08000684       0x34 ./Core/Drv/mtrCtrl/mtrCtrl.o
 .text.mtrCtrl_PI_getRPMRef
                0x080006b8       0x1c ./Core/Drv/mtrCtrl/mtrCtrl.o
                0x080006b8                mtrCtrl_PI_getRPMRef
 .text.mtrCtrl_PI_update
                0x080006d4      0x160 ./Core/Drv/mtrCtrl/mtrCtrl.o
                0x080006d4                mtrCtrl_PI_update
 .text.mtrCtrl_objInit
                0x08000834       0x70 ./Core/Drv/mtrCtrl/mtrCtrl.o
                0x08000834                mtrCtrl_objInit
 .text.mtrCtrl_calc_mtrSpeed
                0x080008a4       0x4c ./Core/Drv/mtrCtrl/mtrCtrl.o
                0x080008a4                mtrCtrl_calc_mtrSpeed
 .text.mtrCtrl_getMotorSpeed_KMH
                0x080008f0       0x1c ./Core/Drv/mtrCtrl/mtrCtrl.o
                0x080008f0                mtrCtrl_getMotorSpeed_KMH
 .text.mtrCtrl_setFinalCCR_refVal
                0x0800090c       0x3c ./Core/Drv/mtrCtrl/mtrCtrl.o
                0x0800090c                mtrCtrl_setFinalCCR_refVal
 .text.mtrCtrl_getFinalCCR_refVal
                0x08000948       0x18 ./Core/Drv/mtrCtrl/mtrCtrl.o
                0x08000948                mtrCtrl_getFinalCCR_refVal
 .text.mtrCtrl_getSelCtrlMode
                0x08000960       0x18 ./Core/Drv/mtrCtrl/mtrCtrl.o
                0x08000960                mtrCtrl_getSelCtrlMode
 .text.mtrCtrl_setSelCtrlMode
                0x08000978       0x20 ./Core/Drv/mtrCtrl/mtrCtrl.o
                0x08000978                mtrCtrl_setSelCtrlMode
 .text.mtrCtrl_getPeriphInit
                0x08000998       0x18 ./Core/Drv/mtrCtrl/mtrCtrl.o
                0x08000998                mtrCtrl_getPeriphInit
 .text.mtrCtrl_setPeriphInit
                0x080009b0       0x18 ./Core/Drv/mtrCtrl/mtrCtrl.o
                0x080009b0                mtrCtrl_setPeriphInit
 .text.mtrCtrl_setCtrlContinue
                0x080009c8       0x20 ./Core/Drv/mtrCtrl/mtrCtrl.o
                0x080009c8                mtrCtrl_setCtrlContinue
 .text.mtrCtrl_getCtrlContinue
                0x080009e8       0x18 ./Core/Drv/mtrCtrl/mtrCtrl.o
                0x080009e8                mtrCtrl_getCtrlContinue
 .text.mtrCtrl_chkErrSt
                0x08000a00       0xb8 ./Core/Drv/mtrCtrl/mtrCtrl.o
                0x08000a00                mtrCtrl_chkErrSt
 .text.mtrCtrl_getErrCode
                0x08000ab8       0x18 ./Core/Drv/mtrCtrl/mtrCtrl.o
                0x08000ab8                mtrCtrl_getErrCode
 .text.mtrCtrl_getAppInit_flg
                0x08000ad0       0x18 ./Core/Drv/mtrCtrl/mtrCtrl.o
                0x08000ad0                mtrCtrl_getAppInit_flg
 .text.mtrCtrl_setAppInit_flg
                0x08000ae8       0x18 ./Core/Drv/mtrCtrl/mtrCtrl.o
                0x08000ae8                mtrCtrl_setAppInit_flg
 .text.throttle_init
                0x08000b00       0x3c ./Core/Drv/sensing/sensing.o
                0x08000b00                throttle_init
 .text.throttle_sensing
                0x08000b3c       0x74 ./Core/Drv/sensing/sensing.o
 .text.throttle_ramp2Tgt
                0x08000bb0       0xa8 ./Core/Drv/sensing/sensing.o
 .text.throttle_postProcess
                0x08000c58       0x74 ./Core/Drv/sensing/sensing.o
 .text.throttle_update_proc
                0x08000ccc       0x44 ./Core/Drv/sensing/sensing.o
                0x08000ccc                throttle_update_proc
 .text.throttle_get_validateFlg
                0x08000d10       0x18 ./Core/Drv/sensing/sensing.o
                0x08000d10                throttle_get_validateFlg
 .text.throttle_get_refVolt
                0x08000d28       0x1c ./Core/Drv/sensing/sensing.o
                0x08000d28                throttle_get_refVolt
 .text.NTC_init
                0x08000d44       0x28 ./Core/Drv/sensing/sensing.o
                0x08000d44                NTC_init
 .text.NTC_getTemper
                0x08000d6c       0x1c ./Core/Drv/sensing/sensing.o
                0x08000d6c                NTC_getTemper
 .text.NTC_getHeat_st
                0x08000d88      0x10c ./Core/Drv/sensing/sensing.o
                0x08000d88                NTC_getHeat_st
 .text.dcVolt_init
                0x08000e94       0x28 ./Core/Drv/sensing/sensing.o
                0x08000e94                dcVolt_init
 .text.dcVolt_voltage
                0x08000ebc       0x1c ./Core/Drv/sensing/sensing.o
                0x08000ebc                dcVolt_voltage
 .text.dcVolt_getLowVolt_st
                0x08000ed8       0x68 ./Core/Drv/sensing/sensing.o
                0x08000ed8                dcVolt_getLowVolt_st
 .text.sensingCurr_init
                0x08000f40       0x7c ./Core/Drv/sensing/sensing.o
                0x08000f40                sensingCurr_init
 .text.sensingCurr_getOverCurrent_st
                0x08000fbc      0x28c ./Core/Drv/sensing/sensing.o
                0x08000fbc                sensingCurr_getOverCurrent_st
 .text.sensing_objs_Init
                0x08001248       0x18 ./Core/Drv/sensing/sensing.o
                0x08001248                sensing_objs_Init
 .text.tasksch_runTime_assertFunc
                0x08001260        0x8 ./Core/Drv/tasksch/tasksch.o
 .text.tasksch_taskConfig
                0x08001268      0x150 ./Core/Drv/tasksch/tasksch.o
 .text.tasksch_initTasks
                0x080013b8       0x46 ./Core/Drv/tasksch/tasksch.o
 .text.tasksch_startCycleMeasurement
                0x080013fe        0xe ./Core/Drv/tasksch/tasksch.o
 .text.tasksch_endCycleMeasurement
                0x0800140c        0xe ./Core/Drv/tasksch/tasksch.o
 .text.tasksch_userFeedFail_watchdogHook
                0x0800141a        0xe ./Core/Drv/tasksch/tasksch.o
                0x0800141a                tasksch_userFeedFail_watchdogHook
 .text.tasksch_userMajorCycleHook
                0x08001428        0xe ./Core/Drv/tasksch/tasksch.o
                0x08001428                tasksch_userMajorCycleHook
 .text.tasksch_user_preExit_schedulerHook
                0x08001436        0xe ./Core/Drv/tasksch/tasksch.o
                0x08001436                tasksch_user_preExit_schedulerHook
 .text.tasksch_isMajorCycle
                0x08001444       0x28 ./Core/Drv/tasksch/tasksch.o
 .text.tasksch_update_majorCycle_infos
                0x0800146c       0xdc ./Core/Drv/tasksch/tasksch.o
 .text.tasksch_majorCycleEvent
                0x08001548       0x40 ./Core/Drv/tasksch/tasksch.o
 .text.tasksch_initEvent
                0x08001588       0x1c ./Core/Drv/tasksch/tasksch.o
 .text.tasksch_initExecClock
                0x080015a4       0x30 ./Core/Drv/tasksch/tasksch.o
 .text.tasksch_updateExecClock
                0x080015d4       0x88 ./Core/Drv/tasksch/tasksch.o
 .text.tasksch_checkOverrunThreshold
                0x0800165c        0xe ./Core/Drv/tasksch/tasksch.o
 .text.tasksch_detectOverRun
                0x0800166a       0x14 ./Core/Drv/tasksch/tasksch.o
 *fill*         0x0800167e        0x2 
 .text.tasksch_infoInit
                0x08001680       0x48 ./Core/Drv/tasksch/tasksch.o
 .text.tasksch_init
                0x080016c8       0xac ./Core/Drv/tasksch/tasksch.o
                0x080016c8                tasksch_init
 .text.tasksch_execTask
                0x08001774      0x148 ./Core/Drv/tasksch/tasksch.o
                0x08001774                tasksch_execTask
 .text.tasksch_timeManager
                0x080018bc      0x148 ./Core/Drv/tasksch/tasksch.o
                0x080018bc                tasksch_timeManager
 .text.Task_1ms
                0x08001a04       0x14 ./Core/Drv/tasksch/tasksch_config.o
                0x08001a04                Task_1ms
 .text.Task_10ms
                0x08001a18       0x64 ./Core/Drv/tasksch/tasksch_config.o
                0x08001a18                Task_10ms
 .text.Task_100ms
                0x08001a7c       0x8c ./Core/Drv/tasksch/tasksch_config.o
                0x08001a7c                Task_100ms
 .text.Task_500ms
                0x08001b08       0xbc ./Core/Drv/tasksch/tasksch_config.o
                0x08001b08                Task_500ms
 .text.Task_1sec
                0x08001bc4        0xe ./Core/Drv/tasksch/tasksch_config.o
                0x08001bc4                Task_1sec
 *fill*         0x08001bd2        0x2 
 .text.tasksch_init_RegiTaskObj
                0x08001bd4       0x84 ./Core/Drv/tasksch/tasksch_config.o
                0x08001bd4                tasksch_init_RegiTaskObj
 .text.tasksch_userInitCmpltHook
                0x08001c58       0x50 ./Core/Drv/tasksch/tasksch_config.o
                0x08001c58                tasksch_userInitCmpltHook
 .text.tasksch_requestExit
                0x08001ca8       0x18 ./Core/Drv/tasksch/tasksch_config.o
                0x08001ca8                tasksch_requestExit
 .text.tasksch_initWatchdog
                0x08001cc0       0x1c ./Core/Drv/tasksch/tasksch_config.o
                0x08001cc0                tasksch_initWatchdog
 .text.tasksch_beginWatchdog
                0x08001cdc       0x1c ./Core/Drv/tasksch/tasksch_config.o
                0x08001cdc                tasksch_beginWatchdog
 .text.tasksch_feedWatchdog
                0x08001cf8       0x1c ./Core/Drv/tasksch/tasksch_config.o
                0x08001cf8                tasksch_feedWatchdog
 .text.tasksch_ValidateUser_RegiTaskInfos
                0x08001d14       0x58 ./Core/Drv/tasksch/tasksch_config.o
                0x08001d14                tasksch_ValidateUser_RegiTaskInfos
 .text.tasksch_getUserRegi_taskInfo
                0x08001d6c       0x44 ./Core/Drv/tasksch/tasksch_config.o
                0x08001d6c                tasksch_getUserRegi_taskInfo
 .text.gpio_set_output
                0x08001db0       0xca ./Core/Src/Gpio.o
                0x08001db0                gpio_set_output
 .text.gpio_set_input
                0x08001e7a       0x5c ./Core/Src/Gpio.o
                0x08001e7a                gpio_set_input
 .text.gpio_set_analog
                0x08001ed6       0x58 ./Core/Src/Gpio.o
                0x08001ed6                gpio_set_analog
 .text.gpio_set_alterFunc
                0x08001f2e       0xdc ./Core/Src/Gpio.o
                0x08001f2e                gpio_set_alterFunc
 .text.gpio_toggle_pin
                0x0800200a       0x2a ./Core/Src/Gpio.o
                0x0800200a                gpio_toggle_pin
 .text.gpio_read_pin
                0x08002034       0x30 ./Core/Src/Gpio.o
                0x08002034                gpio_read_pin
 .text.gpio_init
                0x08002064       0x20 ./Core/Src/Gpio.o
                0x08002064                gpio_init
 .text.adc_offsetCalib
                0x08002084      0x114 ./Core/Src/adc.o
                0x08002084                adc_offsetCalib
 .text.adc_getOffsetCalib_val
                0x08002198       0x50 ./Core/Src/adc.o
                0x08002198                adc_getOffsetCalib_val
 .text.adc_init
                0x080021e8      0x1b0 ./Core/Src/adc.o
                0x080021e8                adc_init
 .text.adc_conv_rawNTC_polling
                0x08002398       0x6c ./Core/Src/adc.o
                0x08002398                adc_conv_rawNTC_polling
 .text.adc_conv_rawThrottle_polling
                0x08002404       0x80 ./Core/Src/adc.o
                0x08002404                adc_conv_rawThrottle_polling
 .text.adc_conv_rawVdc_polling
                0x08002484       0x7c ./Core/Src/adc.o
                0x08002484                adc_conv_rawVdc_polling
 .text.adc_conv_rawIus_polling
                0x08002500       0x60 ./Core/Src/adc.o
                0x08002500                adc_conv_rawIus_polling
 .text.adc_conv_rawIvs_polling
                0x08002560       0x78 ./Core/Src/adc.o
                0x08002560                adc_conv_rawIvs_polling
 .text.adc_conv_rawIws_polling
                0x080025d8       0x74 ./Core/Src/adc.o
                0x080025d8                adc_conv_rawIws_polling
 .text.dac_init
                0x0800264c       0x70 ./Core/Src/dac.o
                0x0800264c                dac_init
 .text.__NVIC_EnableIRQ
                0x080026bc       0x3c ./Core/Src/exti.o
 .text.exti_init
                0x080026f8      0x11c ./Core/Src/exti.o
                0x080026f8                exti_init
 .text.exti_check_extiPR
                0x08002814       0x6c ./Core/Src/exti.o
                0x08002814                exti_check_extiPR
 .text.exti_clear_extiPR
                0x08002880       0x5c ./Core/Src/exti.o
                0x08002880                exti_clear_extiPR
 .text.SysTick_Handler
                0x080028dc        0xc ./Core/Src/isr.o
                0x080028dc                SysTick_Handler
 .text.EXTI0_IRQHandler
                0x080028e8       0x22 ./Core/Src/isr.o
                0x080028e8                EXTI0_IRQHandler
 .text.EXTI1_IRQHandler
                0x0800290a       0x22 ./Core/Src/isr.o
                0x0800290a                EXTI1_IRQHandler
 .text.EXTI2_IRQHandler
                0x0800292c       0x22 ./Core/Src/isr.o
                0x0800292c                EXTI2_IRQHandler
 *fill*         0x0800294e        0x2 
 .text.TIM1_UP_TIM10_IRQHandler
                0x08002950       0x68 ./Core/Src/isr.o
                0x08002950                TIM1_UP_TIM10_IRQHandler
 .text.main     0x080029b8       0x64 ./Core/Src/main.o
                0x080029b8                main
 .text.NMI_Handler
                0x08002a1c        0x8 ./Core/Src/stm32f7xx_it.o
                0x08002a1c                NMI_Handler
 .text.HardFault_Handler
                0x08002a24        0x8 ./Core/Src/stm32f7xx_it.o
                0x08002a24                HardFault_Handler
 .text.MemManage_Handler
                0x08002a2c        0x8 ./Core/Src/stm32f7xx_it.o
                0x08002a2c                MemManage_Handler
 .text.BusFault_Handler
                0x08002a34        0x8 ./Core/Src/stm32f7xx_it.o
                0x08002a34                BusFault_Handler
 .text.UsageFault_Handler
                0x08002a3c        0x8 ./Core/Src/stm32f7xx_it.o
                0x08002a3c                UsageFault_Handler
 .text.SVC_Handler
                0x08002a44        0xe ./Core/Src/stm32f7xx_it.o
                0x08002a44                SVC_Handler
 .text.DebugMon_Handler
                0x08002a52        0xe ./Core/Src/stm32f7xx_it.o
                0x08002a52                DebugMon_Handler
 .text.PendSV_Handler
                0x08002a60        0xe ./Core/Src/stm32f7xx_it.o
                0x08002a60                PendSV_Handler
 *fill*         0x08002a6e        0x2 
 .text.SCB_EnableICache
                0x08002a70       0x4c ./Core/Src/system.o
 .text.SCB_EnableDCache
                0x08002abc       0x88 ./Core/Src/system.o
 .text.system_clock_pll_init
                0x08002b44       0x78 ./Core/Src/system.o
 .text.system_clock_pll_init2
                0x08002bbc       0x34 ./Core/Src/system.o
 .text.system_clock_periperals
                0x08002bf0       0x3c ./Core/Src/system.o
 .text.system_clock_init
                0x08002c2c       0xc8 ./Core/Src/system.o
                0x08002c2c                system_clock_init
 .text.system_sysTick_init
                0x08002cf4       0x28 ./Core/Src/system.o
                0x08002cf4                system_sysTick_init
 .text.SystemInit
                0x08002d1c       0x24 ./Core/Src/system_stm32f7xx.o
                0x08002d1c                SystemInit
 .text.__NVIC_EnableIRQ
                0x08002d40       0x3c ./Core/Src/tim.o
 .text.tim_tim2_init
                0x08002d7c       0x5c ./Core/Src/tim.o
 .text.tim_pwm1_cal_period_us
                0x08002dd8       0x90 ./Core/Src/tim.o
 .text.tim_pwm1_init
                0x08002e68      0x154 ./Core/Src/tim.o
 .text.tim_pwm1_nvic_counterSet
                0x08002fbc       0x34 ./Core/Src/tim.o
                0x08002fbc                tim_pwm1_nvic_counterSet
 .text.tim_init
                0x08002ff0       0x28 ./Core/Src/tim.o
                0x08002ff0                tim_init
 .text.tim_Pwm1_Mute_channel
                0x08003018       0xcc ./Core/Src/tim.o
                0x08003018                tim_Pwm1_Mute_channel
 .text.tim_Pwm1_Unmute_channel
                0x080030e4       0x9c ./Core/Src/tim.o
                0x080030e4                tim_Pwm1_Unmute_channel
 .text.tim_Pwm1_setCmpVal
                0x08003180       0xd0 ./Core/Src/tim.o
                0x08003180                tim_Pwm1_setCmpVal
 .text.tim_getTim2_cnt
                0x08003250       0x18 ./Core/Src/tim.o
                0x08003250                tim_getTim2_cnt
 .text.tim_getPwm1_ISR_flg
                0x08003268       0x28 ./Core/Src/tim.o
                0x08003268                tim_getPwm1_ISR_flg
 .text.tim_clrPwm1_ISR_flg
                0x08003290       0x24 ./Core/Src/tim.o
                0x08003290                tim_clrPwm1_ISR_flg
 .text.uart_base_init
                0x080032b4       0xec ./Core/Src/uart.o
 .text.uart_AT09_init
                0x080033a0       0x60 ./Core/Src/uart.o
                0x080033a0                uart_AT09_init
 .text.uart_debug_init
                0x08003400       0x60 ./Core/Src/uart.o
                0x08003400                uart_debug_init
 .text.uart_sendChar_polling
                0x08003460       0x30 ./Core/Src/uart.o
 .text.uart_sendStr_polling
                0x08003490       0x46 ./Core/Src/uart.o
 *fill*         0x080034d6        0x2 
 .text.uart_send_uint
                0x080034d8       0x88 ./Core/Src/uart.o
 .text.uart_sendFloat
                0x08003560       0xd6 ./Core/Src/uart.o
 *fill*         0x08003636        0x2 
 .text.uart_AT09_sendStr_polling
                0x08003638       0x20 ./Core/Src/uart.o
                0x08003638                uart_AT09_sendStr_polling
 .text.uart_AT09_sendFloat_polling
                0x08003658       0x28 ./Core/Src/uart.o
                0x08003658                uart_AT09_sendFloat_polling
 .text.uart_debug_reportSeq_polling
                0x08003680       0x5c ./Core/Src/uart.o
                0x08003680                uart_debug_reportSeq_polling
 .text.uart_debug_sendStr_polling
                0x080036dc       0x20 ./Core/Src/uart.o
                0x080036dc                uart_debug_sendStr_polling
 .text.uart_debug_sendFloat_polling
                0x080036fc       0x28 ./Core/Src/uart.o
                0x080036fc                uart_debug_sendFloat_polling
 *fill*         0x08003724        0x4 
 .text.utils_LPF_get_Alpha
                0x08003728       0x70 ./Core/Src/utils.o
 .text.utils_LPF_RPM_init
                0x08003798       0x40 ./Core/Src/utils.o
                0x08003798                utils_LPF_RPM_init
 .text.utils_LPF_phaseCurr_init
                0x080037d8       0x44 ./Core/Src/utils.o
                0x080037d8                utils_LPF_phaseCurr_init
 .text.utils_LPF_RPM_filter
                0x0800381c       0x90 ./Core/Src/utils.o
                0x0800381c                utils_LPF_RPM_filter
 .text.utils_LPF_phaseCurr_filter
                0x080038ac       0x90 ./Core/Src/utils.o
                0x080038ac                utils_LPF_phaseCurr_filter
 .text.Reset_Handler
                0x0800393c       0x50 ./Core/Startup/startup_stm32f767vitx.o
                0x0800393c                Reset_Handler
 .text.Default_Handler
                0x0800398c        0x2 ./Core/Startup/startup_stm32f767vitx.o
                0x0800398c                RTC_Alarm_IRQHandler
                0x0800398c                TIM8_CC_IRQHandler
                0x0800398c                UART8_IRQHandler
                0x0800398c                SPI4_IRQHandler
                0x0800398c                TIM1_CC_IRQHandler
                0x0800398c                DMA2_Stream5_IRQHandler
                0x0800398c                JPEG_IRQHandler
                0x0800398c                DMA1_Stream5_IRQHandler
                0x0800398c                CAN3_RX1_IRQHandler
                0x0800398c                PVD_IRQHandler
                0x0800398c                TAMP_STAMP_IRQHandler
                0x0800398c                CAN2_RX1_IRQHandler
                0x0800398c                EXTI3_IRQHandler
                0x0800398c                TIM8_TRG_COM_TIM14_IRQHandler
                0x0800398c                DFSDM1_FLT1_IRQHandler
                0x0800398c                TIM8_UP_TIM13_IRQHandler
                0x0800398c                I2C3_ER_IRQHandler
                0x0800398c                DFSDM1_FLT2_IRQHandler
                0x0800398c                I2C2_EV_IRQHandler
                0x0800398c                DMA1_Stream2_IRQHandler
                0x0800398c                CAN1_RX0_IRQHandler
                0x0800398c                FPU_IRQHandler
                0x0800398c                OTG_HS_WKUP_IRQHandler
                0x0800398c                CAN3_SCE_IRQHandler
                0x0800398c                LTDC_ER_IRQHandler
                0x0800398c                CAN2_SCE_IRQHandler
                0x0800398c                DMA2_Stream2_IRQHandler
                0x0800398c                SPI1_IRQHandler
                0x0800398c                TIM6_DAC_IRQHandler
                0x0800398c                TIM1_BRK_TIM9_IRQHandler
                0x0800398c                DCMI_IRQHandler
                0x0800398c                CAN2_RX0_IRQHandler
                0x0800398c                DMA2_Stream3_IRQHandler
                0x0800398c                SAI2_IRQHandler
                0x0800398c                DFSDM1_FLT3_IRQHandler
                0x0800398c                USART6_IRQHandler
                0x0800398c                CAN3_RX0_IRQHandler
                0x0800398c                USART3_IRQHandler
                0x0800398c                CAN1_RX1_IRQHandler
                0x0800398c                UART5_IRQHandler
                0x0800398c                DMA2_Stream0_IRQHandler
                0x0800398c                TIM4_IRQHandler
                0x0800398c                QUADSPI_IRQHandler
                0x0800398c                I2C1_EV_IRQHandler
                0x0800398c                DMA1_Stream6_IRQHandler
                0x0800398c                DMA1_Stream1_IRQHandler
                0x0800398c                UART4_IRQHandler
                0x0800398c                TIM3_IRQHandler
                0x0800398c                RCC_IRQHandler
                0x0800398c                TIM8_BRK_TIM12_IRQHandler
                0x0800398c                Default_Handler
                0x0800398c                CEC_IRQHandler
                0x0800398c                EXTI15_10_IRQHandler
                0x0800398c                ADC_IRQHandler
                0x0800398c                DMA1_Stream7_IRQHandler
                0x0800398c                SPI5_IRQHandler
                0x0800398c                TIM7_IRQHandler
                0x0800398c                SDMMC1_IRQHandler
                0x0800398c                CAN2_TX_IRQHandler
                0x0800398c                TIM5_IRQHandler
                0x0800398c                DMA2_Stream7_IRQHandler
                0x0800398c                I2C3_EV_IRQHandler
                0x0800398c                EXTI9_5_IRQHandler
                0x0800398c                RTC_WKUP_IRQHandler
                0x0800398c                LTDC_IRQHandler
                0x0800398c                ETH_WKUP_IRQHandler
                0x0800398c                SPDIF_RX_IRQHandler
                0x0800398c                SPI2_IRQHandler
                0x0800398c                OTG_HS_EP1_IN_IRQHandler
                0x0800398c                DMA1_Stream0_IRQHandler
                0x0800398c                CAN1_TX_IRQHandler
                0x0800398c                EXTI4_IRQHandler
                0x0800398c                RNG_IRQHandler
                0x0800398c                ETH_IRQHandler
                0x0800398c                OTG_HS_EP1_OUT_IRQHandler
                0x0800398c                WWDG_IRQHandler
                0x0800398c                SPI6_IRQHandler
                0x0800398c                MDIOS_IRQHandler
                0x0800398c                I2C4_EV_IRQHandler
                0x0800398c                CAN3_TX_IRQHandler
                0x0800398c                TIM2_IRQHandler
                0x0800398c                OTG_FS_WKUP_IRQHandler
                0x0800398c                TIM1_TRG_COM_TIM11_IRQHandler
                0x0800398c                OTG_HS_IRQHandler
                0x0800398c                DMA2D_IRQHandler
                0x0800398c                SDMMC2_IRQHandler
                0x0800398c                UART7_IRQHandler
                0x0800398c                USART2_IRQHandler
                0x0800398c                DFSDM1_FLT0_IRQHandler
                0x0800398c                I2C2_ER_IRQHandler
                0x0800398c                DMA2_Stream1_IRQHandler
                0x0800398c                CAN1_SCE_IRQHandler
                0x0800398c                FLASH_IRQHandler
                0x0800398c                DMA2_Stream4_IRQHandler
                0x0800398c                USART1_IRQHandler
                0x0800398c                OTG_FS_IRQHandler
                0x0800398c                SPI3_IRQHandler
                0x0800398c                DMA1_Stream4_IRQHandler
                0x0800398c                I2C1_ER_IRQHandler
                0x0800398c                FMC_IRQHandler
                0x0800398c                LPTIM1_IRQHandler
                0x0800398c                I2C4_ER_IRQHandler
                0x0800398c                DMA2_Stream6_IRQHandler
                0x0800398c                SAI1_IRQHandler
                0x0800398c                DMA1_Stream3_IRQHandler
 *fill*         0x0800398e        0x2 
 .text.__libc_init_array
                0x08003990       0x48 C:/ST/STM32CubeIDE_1.19.0/STM32CubeIDE/plugins/com.st.stm32cube.ide.mcu.externaltools.gnu-tools-for-stm32.13.3.rel1.win32_1.0.0.202411081344/tools/bin/../lib/gcc/arm-none-eabi/13.3.1/../../../../arm-none-eabi/lib/thumb/v7e-m+dp/hard\libc_nano.a(libc_a-init.o)
                0x08003990                __libc_init_array
 *(.glue_7)
 .glue_7        0x080039d8        0x0 linker stubs
 *(.glue_7t)
 .glue_7t       0x080039d8        0x0 linker stubs
 *(.eh_frame)
 .eh_frame      0x080039d8        0x0 C:/ST/STM32CubeIDE_1.19.0/STM32CubeIDE/plugins/com.st.stm32cube.ide.mcu.externaltools.gnu-tools-for-stm32.13.3.rel1.win32_1.0.0.202411081344/tools/bin/../lib/gcc/arm-none-eabi/13.3.1/thumb/v7e-m+dp/hard/crtbegin.o
 *(.init)
 .init          0x080039d8        0x4 C:/ST/STM32CubeIDE_1.19.0/STM32CubeIDE/plugins/com.st.stm32cube.ide.mcu.externaltools.gnu-tools-for-stm32.13.3.rel1.win32_1.0.0.202411081344/tools/bin/../lib/gcc/arm-none-eabi/13.3.1/thumb/v7e-m+dp/hard/crti.o
                0x080039d8                _init
 .init          0x080039dc        0x8 C:/ST/STM32CubeIDE_1.19.0/STM32CubeIDE/plugins/com.st.stm32cube.ide.mcu.externaltools.gnu-tools-for-stm32.13.3.rel1.win32_1.0.0.202411081344/tools/bin/../lib/gcc/arm-none-eabi/13.3.1/thumb/v7e-m+dp/hard/crtn.o
 *(.fini)
 .fini          0x080039e4        0x4 C:/ST/STM32CubeIDE_1.19.0/STM32CubeIDE/plugins/com.st.stm32cube.ide.mcu.externaltools.gnu-tools-for-stm32.13.3.rel1.win32_1.0.0.202411081344/tools/bin/../lib/gcc/arm-none-eabi/13.3.1/thumb/v7e-m+dp/hard/crti.o
                0x080039e4                _fini
 .fini          0x080039e8        0x8 C:/ST/STM32CubeIDE_1.19.0/STM32CubeIDE/plugins/com.st.stm32cube.ide.mcu.externaltools.gnu-tools-for-stm32.13.3.rel1.win32_1.0.0.202411081344/tools/bin/../lib/gcc/arm-none-eabi/13.3.1/thumb/v7e-m+dp/hard/crtn.o
                0x080039f0                        . = ALIGN (0x4)
                0x080039f0                        _etext = .

.vfp11_veneer   0x080039f0        0x0
 .vfp11_veneer  0x080039f0        0x0 linker stubs

.v4_bx          0x080039f0        0x0
 .v4_bx         0x080039f0        0x0 linker stubs

.iplt           0x080039f0        0x0
 .iplt          0x080039f0        0x0 C:/ST/STM32CubeIDE_1.19.0/STM32CubeIDE/plugins/com.st.stm32cube.ide.mcu.externaltools.gnu-tools-for-stm32.13.3.rel1.win32_1.0.0.202411081344/tools/bin/../lib/gcc/arm-none-eabi/13.3.1/thumb/v7e-m+dp/hard/crtbegin.o

.rodata         0x080039f0       0x88
                0x080039f0                        . = ALIGN (0x4)
 *(.rodata)
 .rodata        0x080039f0       0x70 ./Core/Drv/tasksch/tasksch_config.o
 .rodata        0x08003a60       0x18 ./Core/Src/uart.o
 *(.rodata*)
                0x08003a78                        . = ALIGN (0x4)

.ARM.extab      0x08003a78        0x0
                0x08003a78                        . = ALIGN (0x4)
 *(.ARM.extab* .gnu.linkonce.armextab.*)
                0x08003a78                        . = ALIGN (0x4)

.ARM            0x08003a78        0x0
                0x08003a78                        . = ALIGN (0x4)
                0x08003a78                        __exidx_start = .
 *(.ARM.exidx*)
                0x08003a78                        __exidx_end = .
                0x08003a78                        . = ALIGN (0x4)

.preinit_array  0x08003a78        0x0
                0x08003a78                        . = ALIGN (0x4)
                0x08003a78                        PROVIDE (__preinit_array_start = .)
 *(.preinit_array*)
                0x08003a78                        PROVIDE (__preinit_array_end = .)
                0x08003a78                        . = ALIGN (0x4)

.init_array     0x08003a78        0x4
                0x08003a78                        . = ALIGN (0x4)
                0x08003a78                        PROVIDE (__init_array_start = .)
 *(SORT_BY_NAME(.init_array.*))
 *(.init_array*)
 .init_array    0x08003a78        0x4 C:/ST/STM32CubeIDE_1.19.0/STM32CubeIDE/plugins/com.st.stm32cube.ide.mcu.externaltools.gnu-tools-for-stm32.13.3.rel1.win32_1.0.0.202411081344/tools/bin/../lib/gcc/arm-none-eabi/13.3.1/thumb/v7e-m+dp/hard/crtbegin.o
                0x08003a7c                        PROVIDE (__init_array_end = .)
                0x08003a7c                        . = ALIGN (0x4)

.fini_array     0x08003a7c        0x4
                0x08003a7c                        . = ALIGN (0x4)
                [!provide]                        PROVIDE (__fini_array_start = .)
 *(SORT_BY_NAME(.fini_array.*))
 *(.fini_array*)
 .fini_array    0x08003a7c        0x4 C:/ST/STM32CubeIDE_1.19.0/STM32CubeIDE/plugins/com.st.stm32cube.ide.mcu.externaltools.gnu-tools-for-stm32.13.3.rel1.win32_1.0.0.202411081344/tools/bin/../lib/gcc/arm-none-eabi/13.3.1/thumb/v7e-m+dp/hard/crtbegin.o
                [!provide]                        PROVIDE (__fini_array_end = .)
                0x08003a80                        . = ALIGN (0x4)
                0x08003a80                        _sidata = LOADADDR (.data)

.rel.dyn        0x08003a80        0x0
 .rel.iplt      0x08003a80        0x0 C:/ST/STM32CubeIDE_1.19.0/STM32CubeIDE/plugins/com.st.stm32cube.ide.mcu.externaltools.gnu-tools-for-stm32.13.3.rel1.win32_1.0.0.202411081344/tools/bin/../lib/gcc/arm-none-eabi/13.3.1/thumb/v7e-m+dp/hard/crtbegin.o

.data           0x20000000        0x0 load address 0x08003a80
                0x20000000                        . = ALIGN (0x4)
                0x20000000                        _sdata = .
 *(.data)
 *(.data*)
 *(.RamFunc)
 *(.RamFunc*)
                0x20000000                        . = ALIGN (0x4)
                0x20000000                        _edata = .

.igot.plt       0x20000000        0x0 load address 0x08003a80
 .igot.plt      0x20000000        0x0 C:/ST/STM32CubeIDE_1.19.0/STM32CubeIDE/plugins/com.st.stm32cube.ide.mcu.externaltools.gnu-tools-for-stm32.13.3.rel1.win32_1.0.0.202411081344/tools/bin/../lib/gcc/arm-none-eabi/13.3.1/thumb/v7e-m+dp/hard/crtbegin.o
                0x20000000                        . = ALIGN (0x4)

.bss            0x20000000      0x270 load address 0x08003a80
                0x20000000                        _sbss = .
                0x20000000                        __bss_start__ = _sbss
 *(.bss)
 .bss           0x20000000       0x1c C:/ST/STM32CubeIDE_1.19.0/STM32CubeIDE/plugins/com.st.stm32cube.ide.mcu.externaltools.gnu-tools-for-stm32.13.3.rel1.win32_1.0.0.202411081344/tools/bin/../lib/gcc/arm-none-eabi/13.3.1/thumb/v7e-m+dp/hard/crtbegin.o
 *(.bss*)
 .bss.vHallSens_handler
                0x2000001c       0x40 ./Core/Drv/hallSens/hallsens.o
                0x2000001c                vHallSens_handler
 .bss.vMotorCtrl_manager
                0x2000005c       0x20 ./Core/Drv/mtrCtrl/mtrCtrl.o
                0x2000005c                vMotorCtrl_manager
 .bss.vPiCtrl_handler
                0x2000007c       0x20 ./Core/Drv/mtrCtrl/mtrCtrl.o
                0x2000007c                vPiCtrl_handler
 .bss.vThrottle_handler
                0x2000009c       0x18 ./Core/Drv/sensing/sensing.o
                0x2000009c                vThrottle_handler
 .bss.vDcVolt_handler
                0x200000b4        0xc ./Core/Drv/sensing/sensing.o
                0x200000b4                vDcVolt_handler
 .bss.vNTC_handler
                0x200000c0       0x10 ./Core/Drv/sensing/sensing.o
                0x200000c0                vNTC_handler
 .bss.vSensingCurr_handler
                0x200000d0       0x38 ./Core/Drv/sensing/sensing.o
                0x200000d0                vSensingCurr_handler
 .bss.vTaskSch_totalExecCLK
                0x20000108        0x6 ./Core/Drv/tasksch/tasksch.o
 *fill*         0x2000010e        0x2 
 .bss.vTaskSch_taskList
                0x20000110       0x73 ./Core/Drv/tasksch/tasksch.o
 *fill*         0x20000183        0x1 
 .bss.vTaskSch_info
                0x20000184        0x9 ./Core/Drv/tasksch/tasksch.o
 *fill*         0x2000018d        0x3 
 .bss.vUserRegiTaskObj
                0x20000190       0x28 ./Core/Drv/tasksch/tasksch_config.o
 .bss.vMtrCtrl_system
                0x200001b8       0x10 ./Core/Drv/tasksch/tasksch_config.o
                0x200001b8                vMtrCtrl_system
 .bss.vAdc_handler
                0x200001c8       0x21 ./Core/Src/adc.o
                0x200001c8                vAdc_handler
 *fill*         0x200001e9        0x3 
 .bss.vDac_Handler
                0x200001ec        0x6 ./Core/Src/dac.o
                0x200001ec                vDac_Handler
 *fill*         0x200001f2        0x2 
 .bss.exti_hallU
                0x200001f4        0x7 ./Core/Src/exti.o
 *fill*         0x200001fb        0x1 
 .bss.exti_hallV
                0x200001fc        0x7 ./Core/Src/exti.o
 *fill*         0x20000203        0x1 
 .bss.exti_hallW
                0x20000204        0x7 ./Core/Src/exti.o
 *fill*         0x2000020b        0x1 
 .bss.isr_pwm1_intrrpt_cnt_debug
                0x2000020c        0x4 ./Core/Src/isr.o
                0x2000020c                isr_pwm1_intrrpt_cnt_debug
 .bss.vPwm1_handler
                0x20000210       0x18 ./Core/Src/tim.o
                0x20000210                vPwm1_handler
 .bss.vTim2_handler
                0x20000228        0x8 ./Core/Src/tim.o
                0x20000228                vTim2_handler
 .bss.uart3_handler
                0x20000230       0x10 ./Core/Src/uart.o
                0x20000230                uart3_handler
 .bss.uart2_handler
                0x20000240       0x10 ./Core/Src/uart.o
                0x20000240                uart2_handler
 .bss.vLPF_phaseCurr_obj
                0x20000250       0x10 ./Core/Src/utils.o
                0x20000250                vLPF_phaseCurr_obj
 .bss.vLPF_RPM_obj
                0x20000260       0x10 ./Core/Src/utils.o
                0x20000260                vLPF_RPM_obj
 *(COMMON)
                0x20000270                        . = ALIGN (0x4)
                0x20000270                        _ebss = .
                0x20000270                        __bss_end__ = _ebss

._user_heap_stack
                0x20000270      0x600 load address 0x08003a80
                0x20000270                        . = ALIGN (0x8)
                [!provide]                        PROVIDE (end = .)
                0x20000270                        PROVIDE (_end = .)
                0x20000470                        . = (. + _Min_Heap_Size)
 *fill*         0x20000270      0x200 
                0x20000870                        . = (. + _Min_Stack_Size)
 *fill*         0x20000470      0x400 
                0x20000870                        . = ALIGN (0x8)

/DISCARD/
 libc.a(*)
 libm.a(*)
 libgcc.a(*)

.ARM.attributes
                0x00000000       0x2e
 *(.ARM.attributes)
 .ARM.attributes
                0x00000000       0x20 C:/ST/STM32CubeIDE_1.19.0/STM32CubeIDE/plugins/com.st.stm32cube.ide.mcu.externaltools.gnu-tools-for-stm32.13.3.rel1.win32_1.0.0.202411081344/tools/bin/../lib/gcc/arm-none-eabi/13.3.1/thumb/v7e-m+dp/hard/crti.o
 .ARM.attributes
                0x00000020       0x32 C:/ST/STM32CubeIDE_1.19.0/STM32CubeIDE/plugins/com.st.stm32cube.ide.mcu.externaltools.gnu-tools-for-stm32.13.3.rel1.win32_1.0.0.202411081344/tools/bin/../lib/gcc/arm-none-eabi/13.3.1/thumb/v7e-m+dp/hard/crtbegin.o
 .ARM.attributes
                0x00000052       0x32 ./Core/Drv/hallSens/hallsens.o
 .ARM.attributes
                0x00000084       0x32 ./Core/Drv/mtrCtrl/mtrCtrl.o
 .ARM.attributes
                0x000000b6       0x32 ./Core/Drv/sensing/sensing.o
 .ARM.attributes
                0x000000e8       0x32 ./Core/Drv/tasksch/tasksch.o
 .ARM.attributes
                0x0000011a       0x32 ./Core/Drv/tasksch/tasksch_config.o
 .ARM.attributes
                0x0000014c       0x32 ./Core/Src/Gpio.o
 .ARM.attributes
                0x0000017e       0x32 ./Core/Src/adc.o
 .ARM.attributes
                0x000001b0       0x32 ./Core/Src/dac.o
 .ARM.attributes
                0x000001e2       0x32 ./Core/Src/exti.o
 .ARM.attributes
                0x00000214       0x32 ./Core/Src/isr.o
 .ARM.attributes
                0x00000246       0x32 ./Core/Src/main.o
 .ARM.attributes
                0x00000278       0x32 ./Core/Src/stm32f7xx_it.o
 .ARM.attributes
                0x000002aa       0x32 ./Core/Src/system.o
 .ARM.attributes
                0x000002dc       0x32 ./Core/Src/system_stm32f7xx.o
 .ARM.attributes
                0x0000030e       0x32 ./Core/Src/tim.o
 .ARM.attributes
                0x00000340       0x32 ./Core/Src/uart.o
 .ARM.attributes
                0x00000372       0x32 ./Core/Src/utils.o
 .ARM.attributes
                0x000003a4       0x21 ./Core/Startup/startup_stm32f767vitx.o
 .ARM.attributes
                0x000003c5       0x32 C:/ST/STM32CubeIDE_1.19.0/STM32CubeIDE/plugins/com.st.stm32cube.ide.mcu.externaltools.gnu-tools-for-stm32.13.3.rel1.win32_1.0.0.202411081344/tools/bin/../lib/gcc/arm-none-eabi/13.3.1/../../../../arm-none-eabi/lib/thumb/v7e-m+dp/hard\libc_nano.a(libc_a-init.o)
 .ARM.attributes
                0x000003f7       0x20 C:/ST/STM32CubeIDE_1.19.0/STM32CubeIDE/plugins/com.st.stm32cube.ide.mcu.externaltools.gnu-tools-for-stm32.13.3.rel1.win32_1.0.0.202411081344/tools/bin/../lib/gcc/arm-none-eabi/13.3.1/thumb/v7e-m+dp/hard/crtn.o
OUTPUT(motCtrl.elf elf32-littlearm)
LOAD linker stubs
LOAD C:/ST/STM32CubeIDE_1.19.0/STM32CubeIDE/plugins/com.st.stm32cube.ide.mcu.externaltools.gnu-tools-for-stm32.13.3.rel1.win32_1.0.0.202411081344/tools/bin/../lib/gcc/arm-none-eabi/13.3.1/../../../../arm-none-eabi/lib/thumb/v7e-m+dp/hard\libc.a
LOAD C:/ST/STM32CubeIDE_1.19.0/STM32CubeIDE/plugins/com.st.stm32cube.ide.mcu.externaltools.gnu-tools-for-stm32.13.3.rel1.win32_1.0.0.202411081344/tools/bin/../lib/gcc/arm-none-eabi/13.3.1/../../../../arm-none-eabi/lib/thumb/v7e-m+dp/hard\libm.a
LOAD C:/ST/STM32CubeIDE_1.19.0/STM32CubeIDE/plugins/com.st.stm32cube.ide.mcu.externaltools.gnu-tools-for-stm32.13.3.rel1.win32_1.0.0.202411081344/tools/bin/../lib/gcc/arm-none-eabi/13.3.1/thumb/v7e-m+dp/hard\libgcc.a

.debug_info     0x00000000     0x5aee
 .debug_info    0x00000000      0x45d ./Core/Drv/hallSens/hallsens.o
 .debug_info    0x0000045d      0x55b ./Core/Drv/mtrCtrl/mtrCtrl.o
 .debug_info    0x000009b8      0x4fb ./Core/Drv/sensing/sensing.o
 .debug_info    0x00000eb3      0x743 ./Core/Drv/tasksch/tasksch.o
 .debug_info    0x000015f6      0x5ba ./Core/Drv/tasksch/tasksch_config.o
 .debug_info    0x00001bb0      0x3a4 ./Core/Src/Gpio.o
 .debug_info    0x00001f54      0x514 ./Core/Src/adc.o
 .debug_info    0x00002468      0x2e9 ./Core/Src/dac.o
 .debug_info    0x00002751      0x7ad ./Core/Src/exti.o
 .debug_info    0x00002efe      0x244 ./Core/Src/isr.o
 .debug_info    0x00003142      0x1ab ./Core/Src/main.o
 .debug_info    0x000032ed      0x106 ./Core/Src/stm32f7xx_it.o
 .debug_info    0x000033f3      0x8e1 ./Core/Src/system.o
 .debug_info    0x00003cd4      0x6ed ./Core/Src/system_stm32f7xx.o
 .debug_info    0x000043c1      0xa09 ./Core/Src/tim.o
 .debug_info    0x00004dca      0x78a ./Core/Src/uart.o
 .debug_info    0x00005554      0x56a ./Core/Src/utils.o
 .debug_info    0x00005abe       0x30 ./Core/Startup/startup_stm32f767vitx.o

.debug_abbrev   0x00000000     0x1c03
 .debug_abbrev  0x00000000      0x1fa ./Core/Drv/hallSens/hallsens.o
 .debug_abbrev  0x000001fa      0x1d2 ./Core/Drv/mtrCtrl/mtrCtrl.o
 .debug_abbrev  0x000003cc      0x1fc ./Core/Drv/sensing/sensing.o
 .debug_abbrev  0x000005c8      0x312 ./Core/Drv/tasksch/tasksch.o
 .debug_abbrev  0x000008da      0x212 ./Core/Drv/tasksch/tasksch_config.o
 .debug_abbrev  0x00000aec      0x151 ./Core/Src/Gpio.o
 .debug_abbrev  0x00000c3d      0x214 ./Core/Src/adc.o
 .debug_abbrev  0x00000e51      0x141 ./Core/Src/dac.o
 .debug_abbrev  0x00000f92      0x1e2 ./Core/Src/exti.o
 .debug_abbrev  0x00001174       0xe6 ./Core/Src/isr.o
 .debug_abbrev  0x0000125a       0xa4 ./Core/Src/main.o
 .debug_abbrev  0x000012fe       0x47 ./Core/Src/stm32f7xx_it.o
 .debug_abbrev  0x00001345      0x15f ./Core/Src/system.o
 .debug_abbrev  0x000014a4      0x13b ./Core/Src/system_stm32f7xx.o
 .debug_abbrev  0x000015df      0x283 ./Core/Src/tim.o
 .debug_abbrev  0x00001862      0x1ff ./Core/Src/uart.o
 .debug_abbrev  0x00001a61      0x17e ./Core/Src/utils.o
 .debug_abbrev  0x00001bdf       0x24 ./Core/Startup/startup_stm32f767vitx.o

.debug_aranges  0x00000000      0x740
 .debug_aranges
                0x00000000       0x58 ./Core/Drv/hallSens/hallsens.o
 .debug_aranges
                0x00000058       0xc0 ./Core/Drv/mtrCtrl/mtrCtrl.o
 .debug_aranges
                0x00000118       0xa0 ./Core/Drv/sensing/sensing.o
 .debug_aranges
                0x000001b8       0xf8 ./Core/Drv/tasksch/tasksch.o
 .debug_aranges
                0x000002b0       0x80 ./Core/Drv/tasksch/tasksch_config.o
 .debug_aranges
                0x00000330       0x58 ./Core/Src/Gpio.o
 .debug_aranges
                0x00000388       0x60 ./Core/Src/adc.o
 .debug_aranges
                0x000003e8       0x30 ./Core/Src/dac.o
 .debug_aranges
                0x00000418       0x38 ./Core/Src/exti.o
 .debug_aranges
                0x00000450       0x40 ./Core/Src/isr.o
 .debug_aranges
                0x00000490       0x20 ./Core/Src/main.o
 .debug_aranges
                0x000004b0       0x58 ./Core/Src/stm32f7xx_it.o
 .debug_aranges
                0x00000508       0x50 ./Core/Src/system.o
 .debug_aranges
                0x00000558       0x28 ./Core/Src/system_stm32f7xx.o
 .debug_aranges
                0x00000580       0x90 ./Core/Src/tim.o
 .debug_aranges
                0x00000610       0xa0 ./Core/Src/uart.o
 .debug_aranges
                0x000006b0       0x68 ./Core/Src/utils.o
 .debug_aranges
                0x00000718       0x28 ./Core/Startup/startup_stm32f767vitx.o

.debug_rnglists
                0x00000000      0x541
 .debug_rnglists
                0x00000000       0x42 ./Core/Drv/hallSens/hallsens.o
 .debug_rnglists
                0x00000042       0x8d ./Core/Drv/mtrCtrl/mtrCtrl.o
 .debug_rnglists
                0x000000cf       0x76 ./Core/Drv/sensing/sensing.o
 .debug_rnglists
                0x00000145       0xbb ./Core/Drv/tasksch/tasksch.o
 .debug_rnglists
                0x00000200       0x5e ./Core/Drv/tasksch/tasksch_config.o
 .debug_rnglists
                0x0000025e       0x3f ./Core/Src/Gpio.o
 .debug_rnglists
                0x0000029d       0x46 ./Core/Src/adc.o
 .debug_rnglists
                0x000002e3       0x1f ./Core/Src/dac.o
 .debug_rnglists
                0x00000302       0x26 ./Core/Src/exti.o
 .debug_rnglists
                0x00000328       0x2b ./Core/Src/isr.o
 .debug_rnglists
                0x00000353       0x13 ./Core/Src/main.o
 .debug_rnglists
                0x00000366       0x3d ./Core/Src/stm32f7xx_it.o
 .debug_rnglists
                0x000003a3       0x39 ./Core/Src/system.o
 .debug_rnglists
                0x000003dc       0x1a ./Core/Src/system_stm32f7xx.o
 .debug_rnglists
                0x000003f6       0x6c ./Core/Src/tim.o
 .debug_rnglists
                0x00000462       0x76 ./Core/Src/uart.o
 .debug_rnglists
                0x000004d8       0x50 ./Core/Src/utils.o
 .debug_rnglists
                0x00000528       0x19 ./Core/Startup/startup_stm32f767vitx.o

.debug_macro    0x00000000    0x27151
 .debug_macro   0x00000000      0x249 ./Core/Drv/hallSens/hallsens.o
 .debug_macro   0x00000249      0xaf0 ./Core/Drv/hallSens/hallsens.o
 .debug_macro   0x00000d39       0x3b ./Core/Drv/hallSens/hallsens.o
 .debug_macro   0x00000d74       0x22 ./Core/Drv/hallSens/hallsens.o
 .debug_macro   0x00000d96       0x8e ./Core/Drv/hallSens/hallsens.o
 .debug_macro   0x00000e24       0x51 ./Core/Drv/hallSens/hallsens.o
 .debug_macro   0x00000e75      0x103 ./Core/Drv/hallSens/hallsens.o
 .debug_macro   0x00000f78       0x6a ./Core/Drv/hallSens/hallsens.o
 .debug_macro   0x00000fe2      0x1df ./Core/Drv/hallSens/hallsens.o
 .debug_macro   0x000011c1       0x1c ./Core/Drv/hallSens/hallsens.o
 .debug_macro   0x000011dd       0x22 ./Core/Drv/hallSens/hallsens.o
 .debug_macro   0x000011ff       0xd9 ./Core/Drv/hallSens/hallsens.o
 .debug_macro   0x000012d8     0x12cd ./Core/Drv/hallSens/hallsens.o
 .debug_macro   0x000025a5      0x11f ./Core/Drv/hallSens/hallsens.o
 .debug_macro   0x000026c4       0x19 ./Core/Drv/hallSens/hallsens.o
 .debug_macro   0x000026dd    0x1aa23 ./Core/Drv/hallSens/hallsens.o
 .debug_macro   0x0001d100       0x22 ./Core/Drv/hallSens/hallsens.o
 .debug_macro   0x0001d122       0xb2 ./Core/Drv/hallSens/hallsens.o
 .debug_macro   0x0001d1d4      0x287 ./Core/Drv/hallSens/hallsens.o
 .debug_macro   0x0001d45b       0x2e ./Core/Drv/hallSens/hallsens.o
 .debug_macro   0x0001d489       0x6d ./Core/Drv/hallSens/hallsens.o
 .debug_macro   0x0001d4f6     0x375e ./Core/Drv/hallSens/hallsens.o
 .debug_macro   0x00020c54      0x190 ./Core/Drv/hallSens/hallsens.o
 .debug_macro   0x00020de4       0x63 ./Core/Drv/hallSens/hallsens.o
 .debug_macro   0x00020e47     0x1add ./Core/Drv/hallSens/hallsens.o
 .debug_macro   0x00022924      0x6c4 ./Core/Drv/hallSens/hallsens.o
 .debug_macro   0x00022fe8      0x18b ./Core/Drv/hallSens/hallsens.o
 .debug_macro   0x00023173      0x115 ./Core/Drv/hallSens/hallsens.o
 .debug_macro   0x00023288      0x26e ./Core/Drv/hallSens/hallsens.o
 .debug_macro   0x000234f6       0xa5 ./Core/Drv/hallSens/hallsens.o
 .debug_macro   0x0002359b      0x24f ./Core/Drv/hallSens/hallsens.o
 .debug_macro   0x000237ea       0x71 ./Core/Drv/hallSens/hallsens.o
 .debug_macro   0x0002385b       0x58 ./Core/Drv/hallSens/hallsens.o
 .debug_macro   0x000238b3      0x236 ./Core/Drv/hallSens/hallsens.o
 .debug_macro   0x00023ae9      0x14e ./Core/Drv/hallSens/hallsens.o
 .debug_macro   0x00023c37      0x3db ./Core/Drv/hallSens/hallsens.o
 .debug_macro   0x00024012       0x12 ./Core/Drv/hallSens/hallsens.o
 .debug_macro   0x00024024      0x22c ./Core/Drv/hallSens/hallsens.o
 .debug_macro   0x00024250       0x61 ./Core/Drv/hallSens/hallsens.o
 .debug_macro   0x000242b1       0xa5 ./Core/Drv/hallSens/hallsens.o
 .debug_macro   0x00024356      0x12e ./Core/Drv/hallSens/hallsens.o
 .debug_macro   0x00024484      0x108 ./Core/Drv/hallSens/hallsens.o
 .debug_macro   0x0002458c       0x35 ./Core/Drv/hallSens/hallsens.o
 .debug_macro   0x000245c1      0x15b ./Core/Drv/hallSens/hallsens.o
 .debug_macro   0x0002471c      0x184 ./Core/Drv/hallSens/hallsens.o
 .debug_macro   0x000248a0       0x16 ./Core/Drv/hallSens/hallsens.o
 .debug_macro   0x000248b6       0x2e ./Core/Drv/hallSens/hallsens.o
 .debug_macro   0x000248e4       0x64 ./Core/Drv/hallSens/hallsens.o
 .debug_macro   0x00024948       0x46 ./Core/Drv/hallSens/hallsens.o
 .debug_macro   0x0002498e       0x28 ./Core/Drv/hallSens/hallsens.o
 .debug_macro   0x000249b6      0x225 ./Core/Drv/mtrCtrl/mtrCtrl.o
 .debug_macro   0x00024bdb      0x225 ./Core/Drv/sensing/sensing.o
 .debug_macro   0x00024e00      0x1ed ./Core/Drv/tasksch/tasksch.o
 .debug_macro   0x00024fed       0xa0 ./Core/Drv/tasksch/tasksch.o
 .debug_macro   0x0002508d      0x305 ./Core/Drv/tasksch/tasksch_config.o
 .debug_macro   0x00025392       0x10 ./Core/Drv/tasksch/tasksch_config.o
 .debug_macro   0x000253a2       0x61 ./Core/Drv/tasksch/tasksch_config.o
 .debug_macro   0x00025403       0x29 ./Core/Drv/tasksch/tasksch_config.o
 .debug_macro   0x0002542c       0x43 ./Core/Drv/tasksch/tasksch_config.o
 .debug_macro   0x0002546f       0x34 ./Core/Drv/tasksch/tasksch_config.o
 .debug_macro   0x000254a3      0x370 ./Core/Drv/tasksch/tasksch_config.o
 .debug_macro   0x00025813       0x16 ./Core/Drv/tasksch/tasksch_config.o
 .debug_macro   0x00025829       0x4a ./Core/Drv/tasksch/tasksch_config.o
 .debug_macro   0x00025873       0x34 ./Core/Drv/tasksch/tasksch_config.o
 .debug_macro   0x000258a7       0x10 ./Core/Drv/tasksch/tasksch_config.o
 .debug_macro   0x000258b7       0x58 ./Core/Drv/tasksch/tasksch_config.o
 .debug_macro   0x0002590f       0x8e ./Core/Drv/tasksch/tasksch_config.o
 .debug_macro   0x0002599d       0x1c ./Core/Drv/tasksch/tasksch_config.o
 .debug_macro   0x000259b9      0x185 ./Core/Drv/tasksch/tasksch_config.o
 .debug_macro   0x00025b3e       0x10 ./Core/Drv/tasksch/tasksch_config.o
 .debug_macro   0x00025b4e       0x3c ./Core/Drv/tasksch/tasksch_config.o
 .debug_macro   0x00025b8a       0x20 ./Core/Drv/tasksch/tasksch_config.o
 .debug_macro   0x00025baa      0x1e8 ./Core/Src/Gpio.o
 .debug_macro   0x00025d92      0x20a ./Core/Src/adc.o
 .debug_macro   0x00025f9c      0x1ec ./Core/Src/dac.o
 .debug_macro   0x00026188      0x1f1 ./Core/Src/exti.o
 .debug_macro   0x00026379      0x228 ./Core/Src/isr.o
 .debug_macro   0x000265a1      0x241 ./Core/Src/main.o
 .debug_macro   0x000267e2      0x1ea ./Core/Src/stm32f7xx_it.o
 .debug_macro   0x000269cc       0xc1 ./Core/Src/system.o
 .debug_macro   0x00026a8d      0x1bb ./Core/Src/system_stm32f7xx.o
 .debug_macro   0x00026c48      0x207 ./Core/Src/tim.o
 .debug_macro   0x00026e4f      0x209 ./Core/Src/uart.o
 .debug_macro   0x00027058       0xf9 ./Core/Src/utils.o

.debug_line     0x00000000     0xa5b5
 .debug_line    0x00000000      0xa3c ./Core/Drv/hallSens/hallsens.o
 .debug_line    0x00000a3c      0xb2d ./Core/Drv/mtrCtrl/mtrCtrl.o
 .debug_line    0x00001569      0xba6 ./Core/Drv/sensing/sensing.o
 .debug_line    0x0000210f      0xcd0 ./Core/Drv/tasksch/tasksch.o
 .debug_line    0x00002ddf      0xc02 ./Core/Drv/tasksch/tasksch_config.o
 .debug_line    0x000039e1      0x8da ./Core/Src/Gpio.o
 .debug_line    0x000042bb      0xb7c ./Core/Src/adc.o
 .debug_line    0x00004e37      0x7ae ./Core/Src/dac.o
 .debug_line    0x000055e5      0x840 ./Core/Src/exti.o
 .debug_line    0x00005e25      0x91b ./Core/Src/isr.o
 .debug_line    0x00006740      0x84b ./Core/Src/main.o
 .debug_line    0x00006f8b      0x7bc ./Core/Src/stm32f7xx_it.o
 .debug_line    0x00007747      0x774 ./Core/Src/system.o
 .debug_line    0x00007ebb      0x781 ./Core/Src/system_stm32f7xx.o
 .debug_line    0x0000863c      0xaf3 ./Core/Src/tim.o
 .debug_line    0x0000912f      0xa91 ./Core/Src/uart.o
 .debug_line    0x00009bc0      0x97b ./Core/Src/utils.o
 .debug_line    0x0000a53b       0x7a ./Core/Startup/startup_stm32f767vitx.o

.debug_str      0x00000000    0xed2c3
 .debug_str     0x00000000    0xed2c3 ./Core/Drv/hallSens/hallsens.o
                              0xe7a31 (size before relaxing)
 .debug_str     0x000ed2c3    0xe7a7b ./Core/Drv/mtrCtrl/mtrCtrl.o
 .debug_str     0x000ed2c3    0xe77ef ./Core/Drv/sensing/sensing.o
 .debug_str     0x000ed2c3    0xe7b83 ./Core/Drv/tasksch/tasksch.o
 .debug_str     0x000ed2c3    0xeb192 ./Core/Drv/tasksch/tasksch_config.o
 .debug_str     0x000ed2c3    0xe7155 ./Core/Src/Gpio.o
 .debug_str     0x000ed2c3    0xe7365 ./Core/Src/adc.o
 .debug_str     0x000ed2c3    0xe710f ./Core/Src/dac.o
 .debug_str     0x000ed2c3    0xe7863 ./Core/Src/exti.o
 .debug_str     0x000ed2c3    0xe7c16 ./Core/Src/isr.o
 .debug_str     0x000ed2c3    0xe7ac2 ./Core/Src/main.o
 .debug_str     0x000ed2c3    0xe704f ./Core/Src/stm32f7xx_it.o
 .debug_str     0x000ed2c3    0xa2ff4 ./Core/Src/system.o
 .debug_str     0x000ed2c3    0xe6930 ./Core/Src/system_stm32f7xx.o
 .debug_str     0x000ed2c3    0xe7b16 ./Core/Src/tim.o
 .debug_str     0x000ed2c3    0xe73a8 ./Core/Src/uart.o
 .debug_str     0x000ed2c3    0xa32a4 ./Core/Src/utils.o
 .debug_str     0x000ed2c3       0x71 ./Core/Startup/startup_stm32f767vitx.o

.comment        0x00000000       0x43
 .comment       0x00000000       0x43 ./Core/Drv/hallSens/hallsens.o
                                 0x44 (size before relaxing)
 .comment       0x00000043       0x44 ./Core/Drv/mtrCtrl/mtrCtrl.o
 .comment       0x00000043       0x44 ./Core/Drv/sensing/sensing.o
 .comment       0x00000043       0x44 ./Core/Drv/tasksch/tasksch.o
 .comment       0x00000043       0x44 ./Core/Drv/tasksch/tasksch_config.o
 .comment       0x00000043       0x44 ./Core/Src/Gpio.o
 .comment       0x00000043       0x44 ./Core/Src/adc.o
 .comment       0x00000043       0x44 ./Core/Src/dac.o
 .comment       0x00000043       0x44 ./Core/Src/exti.o
 .comment       0x00000043       0x44 ./Core/Src/isr.o
 .comment       0x00000043       0x44 ./Core/Src/main.o
 .comment       0x00000043       0x44 ./Core/Src/stm32f7xx_it.o
 .comment       0x00000043       0x44 ./Core/Src/system.o
 .comment       0x00000043       0x44 ./Core/Src/system_stm32f7xx.o
 .comment       0x00000043       0x44 ./Core/Src/tim.o
 .comment       0x00000043       0x44 ./Core/Src/uart.o
 .comment       0x00000043       0x44 ./Core/Src/utils.o

.debug_frame    0x00000000     0x188c
 .debug_frame   0x00000000      0x108 ./Core/Drv/hallSens/hallsens.o
 .debug_frame   0x00000108      0x2e0 ./Core/Drv/mtrCtrl/mtrCtrl.o
 .debug_frame   0x000003e8      0x234 ./Core/Drv/sensing/sensing.o
 .debug_frame   0x0000061c      0x3b0 ./Core/Drv/tasksch/tasksch.o
 .debug_frame   0x000009cc      0x1d8 ./Core/Drv/tasksch/tasksch_config.o
 .debug_frame   0x00000ba4      0x14c ./Core/Src/Gpio.o
 .debug_frame   0x00000cf0      0x138 ./Core/Src/adc.o
 .debug_frame   0x00000e28       0x7c ./Core/Src/dac.o
 .debug_frame   0x00000ea4       0xac ./Core/Src/exti.o
 .debug_frame   0x00000f50       0x9c ./Core/Src/isr.o
 .debug_frame   0x00000fec       0x2c ./Core/Src/main.o
 .debug_frame   0x00001018       0xe8 ./Core/Src/stm32f7xx_it.o
 .debug_frame   0x00001100       0xf4 ./Core/Src/system.o
 .debug_frame   0x000011f4       0x58 ./Core/Src/system_stm32f7xx.o
 .debug_frame   0x0000124c      0x20c ./Core/Src/tim.o
 .debug_frame   0x00001458      0x280 ./Core/Src/uart.o
 .debug_frame   0x000016d8      0x188 ./Core/Src/utils.o
 .debug_frame   0x00001860       0x2c C:/ST/STM32CubeIDE_1.19.0/STM32CubeIDE/plugins/com.st.stm32cube.ide.mcu.externaltools.gnu-tools-for-stm32.13.3.rel1.win32_1.0.0.202411081344/tools/bin/../lib/gcc/arm-none-eabi/13.3.1/../../../../arm-none-eabi/lib/thumb/v7e-m+dp/hard\libc_nano.a(libc_a-init.o)

.debug_line_str
                0x00000000       0x55
 .debug_line_str
                0x00000000       0x55 ./Core/Startup/startup_stm32f767vitx.o
