Archive member included to satisfy reference by file (symbol)

C:/ST/STM32CubeIDE_1.19.0/STM32CubeIDE/plugins/com.st.stm32cube.ide.mcu.externaltools.gnu-tools-for-stm32.13.3.rel1.win32_1.0.0.202411081344/tools/bin/../lib/gcc/arm-none-eabi/13.3.1/../../../../arm-none-eabi/lib/thumb/v7e-m+dp/hard\libc_nano.a(libc_a-exit.o)
                              C:/ST/STM32CubeIDE_1.19.0/STM32CubeIDE/plugins/com.st.stm32cube.ide.mcu.externaltools.gnu-tools-for-stm32.13.3.rel1.win32_1.0.0.202411081344/tools/bin/../lib/gcc/arm-none-eabi/13.3.1/../../../../arm-none-eabi/lib/thumb/v7e-m+dp/hard/crt0.o (exit)
C:/ST/STM32CubeIDE_1.19.0/STM32CubeIDE/plugins/com.st.stm32cube.ide.mcu.externaltools.gnu-tools-for-stm32.13.3.rel1.win32_1.0.0.202411081344/tools/bin/../lib/gcc/arm-none-eabi/13.3.1/../../../../arm-none-eabi/lib/thumb/v7e-m+dp/hard\libc_nano.a(libc_a-findfp.o)
                              C:/ST/STM32CubeIDE_1.19.0/STM32CubeIDE/plugins/com.st.stm32cube.ide.mcu.externaltools.gnu-tools-for-stm32.13.3.rel1.win32_1.0.0.202411081344/tools/bin/../lib/gcc/arm-none-eabi/13.3.1/../../../../arm-none-eabi/lib/thumb/v7e-m+dp/hard\libc_nano.a(libc_a-exit.o) (__stdio_exit_handler)
C:/ST/STM32CubeIDE_1.19.0/STM32CubeIDE/plugins/com.st.stm32cube.ide.mcu.externaltools.gnu-tools-for-stm32.13.3.rel1.win32_1.0.0.202411081344/tools/bin/../lib/gcc/arm-none-eabi/13.3.1/../../../../arm-none-eabi/lib/thumb/v7e-m+dp/hard\libc_nano.a(libc_a-fwalk.o)
                              C:/ST/STM32CubeIDE_1.19.0/STM32CubeIDE/plugins/com.st.stm32cube.ide.mcu.externaltools.gnu-tools-for-stm32.13.3.rel1.win32_1.0.0.202411081344/tools/bin/../lib/gcc/arm-none-eabi/13.3.1/../../../../arm-none-eabi/lib/thumb/v7e-m+dp/hard\libc_nano.a(libc_a-findfp.o) (_fwalk_sglue)
C:/ST/STM32CubeIDE_1.19.0/STM32CubeIDE/plugins/com.st.stm32cube.ide.mcu.externaltools.gnu-tools-for-stm32.13.3.rel1.win32_1.0.0.202411081344/tools/bin/../lib/gcc/arm-none-eabi/13.3.1/../../../../arm-none-eabi/lib/thumb/v7e-m+dp/hard\libc_nano.a(libc_a-stdio.o)
                              C:/ST/STM32CubeIDE_1.19.0/STM32CubeIDE/plugins/com.st.stm32cube.ide.mcu.externaltools.gnu-tools-for-stm32.13.3.rel1.win32_1.0.0.202411081344/tools/bin/../lib/gcc/arm-none-eabi/13.3.1/../../../../arm-none-eabi/lib/thumb/v7e-m+dp/hard\libc_nano.a(libc_a-findfp.o) (__sread)
C:/ST/STM32CubeIDE_1.19.0/STM32CubeIDE/plugins/com.st.stm32cube.ide.mcu.externaltools.gnu-tools-for-stm32.13.3.rel1.win32_1.0.0.202411081344/tools/bin/../lib/gcc/arm-none-eabi/13.3.1/../../../../arm-none-eabi/lib/thumb/v7e-m+dp/hard\libc_nano.a(libc_a-memset.o)
                              C:/ST/STM32CubeIDE_1.19.0/STM32CubeIDE/plugins/com.st.stm32cube.ide.mcu.externaltools.gnu-tools-for-stm32.13.3.rel1.win32_1.0.0.202411081344/tools/bin/../lib/gcc/arm-none-eabi/13.3.1/../../../../arm-none-eabi/lib/thumb/v7e-m+dp/hard/crt0.o (memset)
C:/ST/STM32CubeIDE_1.19.0/STM32CubeIDE/plugins/com.st.stm32cube.ide.mcu.externaltools.gnu-tools-for-stm32.13.3.rel1.win32_1.0.0.202411081344/tools/bin/../lib/gcc/arm-none-eabi/13.3.1/../../../../arm-none-eabi/lib/thumb/v7e-m+dp/hard\libc_nano.a(libc_a-closer.o)
                              C:/ST/STM32CubeIDE_1.19.0/STM32CubeIDE/plugins/com.st.stm32cube.ide.mcu.externaltools.gnu-tools-for-stm32.13.3.rel1.win32_1.0.0.202411081344/tools/bin/../lib/gcc/arm-none-eabi/13.3.1/../../../../arm-none-eabi/lib/thumb/v7e-m+dp/hard\libc_nano.a(libc_a-stdio.o) (_close_r)
C:/ST/STM32CubeIDE_1.19.0/STM32CubeIDE/plugins/com.st.stm32cube.ide.mcu.externaltools.gnu-tools-for-stm32.13.3.rel1.win32_1.0.0.202411081344/tools/bin/../lib/gcc/arm-none-eabi/13.3.1/../../../../arm-none-eabi/lib/thumb/v7e-m+dp/hard\libc_nano.a(libc_a-reent.o)
                              C:/ST/STM32CubeIDE_1.19.0/STM32CubeIDE/plugins/com.st.stm32cube.ide.mcu.externaltools.gnu-tools-for-stm32.13.3.rel1.win32_1.0.0.202411081344/tools/bin/../lib/gcc/arm-none-eabi/13.3.1/../../../../arm-none-eabi/lib/thumb/v7e-m+dp/hard\libc_nano.a(libc_a-closer.o) (errno)
C:/ST/STM32CubeIDE_1.19.0/STM32CubeIDE/plugins/com.st.stm32cube.ide.mcu.externaltools.gnu-tools-for-stm32.13.3.rel1.win32_1.0.0.202411081344/tools/bin/../lib/gcc/arm-none-eabi/13.3.1/../../../../arm-none-eabi/lib/thumb/v7e-m+dp/hard\libc_nano.a(libc_a-impure.o)
                              C:/ST/STM32CubeIDE_1.19.0/STM32CubeIDE/plugins/com.st.stm32cube.ide.mcu.externaltools.gnu-tools-for-stm32.13.3.rel1.win32_1.0.0.202411081344/tools/bin/../lib/gcc/arm-none-eabi/13.3.1/../../../../arm-none-eabi/lib/thumb/v7e-m+dp/hard\libc_nano.a(libc_a-reent.o) (_impure_ptr)
C:/ST/STM32CubeIDE_1.19.0/STM32CubeIDE/plugins/com.st.stm32cube.ide.mcu.externaltools.gnu-tools-for-stm32.13.3.rel1.win32_1.0.0.202411081344/tools/bin/../lib/gcc/arm-none-eabi/13.3.1/../../../../arm-none-eabi/lib/thumb/v7e-m+dp/hard\libc_nano.a(libc_a-lseekr.o)
[...]
Memory Configuration

Name             Origin             Length             Attributes
RAM              0x20000000         0x00080000         xrw
FLASH            0x08000000         0x00200000         xr
*default*        0x00000000         0xffffffff

Linker script and memory map

LOAD C:/ST/STM32CubeIDE_1.19.0/STM32CubeIDE/plugins/com.st.stm32cube.ide.mcu.externaltools.gnu-tools-for-stm32.13.3.rel1.win32_1.0.0.202411081344/tools/bin/../lib/gcc/arm-none-eabi/13.3.1/thumb/v7e-m+dp/hard/crti.o
LOAD C:/ST/STM32CubeIDE_1.19.0/STM32CubeIDE/plugins/com.st.stm32cube.ide.mcu.externaltools.gnu-tools-for-stm32.13.3.rel1.win32_1.0.0.202411081344/tools/bin/../lib/gcc/arm-none-eabi/13.3.1/thumb/v7e-m+dp/hard/crtbegin.o
LOAD C:/ST/STM32CubeIDE_1.19.0/STM32CubeIDE/plugins/com.st.stm32cube.ide.mcu.externaltools.gnu-tools-for-stm32.13.3.rel1.win32_1.0.0.202411081344/tools/bin/../lib/gcc/arm-none-eabi/13.3.1/../../../../arm-none-eabi/lib/thumb/v7e-m+dp/hard/crt0.o
LOAD ./Core/Drv/hallSens/hallsens.o
LOAD ./Core/Drv/mtrCtrl/mtrCtrl.o
LOAD ./Core/Drv/sensing/sensing.o
LOAD ./Core/Drv/tasksch/tasksch.o
LOAD ./Core/Drv/tasksch/tasksch_config.o
LOAD ./Core/Src/Gpio.o
LOAD ./Core/Src/adc.o
LOAD ./Core/Src/dac.o
LOAD ./Core/Src/exti.o
LOAD ./Core/Src/isr.o
LOAD ./Core/Src/main.o
LOAD ./Core/Src/stm32f7xx_hal_msp.o
LOAD ./Core/Src/stm32f7xx_it.o
LOAD ./Core/Src/syscalls.o
LOAD ./Core/Src/sysmem.o
LOAD ./Core/Src/system.o
LOAD ./Core/Src/system_stm32f7xx.o
LOAD ./Core/Src/tim.o
LOAD ./Core/Src/uart.o
LOAD ./Core/Src/utils.o
LOAD ./Core/Startup/startup_stm32f767vitx.o
LOAD ./Drivers/STM32F7xx_HAL_Driver/Src/stm32f7xx_hal.o
LOAD ./Drivers/STM32F7xx_HAL_Driver/Src/stm32f7xx_hal_cortex.o
LOAD ./Drivers/STM32F7xx_HAL_Driver/Src/stm32f7xx_hal_dma.o
LOAD ./Drivers/STM32F7xx_HAL_Driver/Src/stm32f7xx_hal_dma_ex.o
LOAD ./Drivers/STM32F7xx_HAL_Driver/Src/stm32f7xx_hal_exti.o
LOAD ./Drivers/STM32F7xx_HAL_Driver/Src/stm32f7xx_hal_flash.o
LOAD ./Drivers/STM32F7xx_HAL_Driver/Src/stm32f7xx_hal_flash_ex.o
LOAD ./Drivers/STM32F7xx_HAL_Driver/Src/stm32f7xx_hal_gpio.o
LOAD ./Drivers/STM32F7xx_HAL_Driver/Src/stm32f7xx_hal_i2c.o
LOAD ./Drivers/STM32F7xx_HAL_Driver/Src/stm32f7xx_hal_i2c_ex.o
LOAD ./Drivers/STM32F7xx_HAL_Driver/Src/stm32f7xx_hal_pwr.o
LOAD ./Drivers/STM32F7xx_HAL_Driver/Src/stm32f7xx_hal_pwr_ex.o
LOAD ./Drivers/STM32F7xx_HAL_Driver/Src/stm32f7xx_hal_rcc.o
LOAD ./Drivers/STM32F7xx_HAL_Driver/Src/stm32f7xx_hal_rcc_ex.o
START GROUP
LOAD C:/ST/STM32CubeIDE_1.19.0/STM32CubeIDE/plugins/com.st.stm32cube.ide.mcu.externaltools.gnu-tools-for-stm32.13.3.rel1.win32_1.0.0.202411081344/tools/bin/../lib/gcc/arm-none-eabi/13.3.1/../../../../arm-none-eabi/lib/thumb/v7e-m+dp/hard\libc_nano.a
LOAD C:/ST/STM32CubeIDE_1.19.0/STM32CubeIDE/plugins/com.st.stm32cube.ide.mcu.externaltools.gnu-tools-for-stm32.13.3.rel1.win32_1.0.0.202411081344/tools/bin/../lib/gcc/arm-none-eabi/13.3.1/../../../../arm-none-eabi/lib/thumb/v7e-m+dp/hard\libm.a
END GROUP
START GROUP
LOAD C:/ST/STM32CubeIDE_1.19.0/STM32CubeIDE/plugins/com.st.stm32cube.ide.mcu.externaltools.gnu-tools-for-stm32.13.3.rel1.win32_1.0.0.202411081344/tools/bin/../lib/gcc/arm-none-eabi/13.3.1/thumb/v7e-m+dp/hard\libgcc.a
LOAD C:/ST/STM32CubeIDE_1.19.0/STM32CubeIDE/plugins/com.st.stm32cube.ide.mcu.externaltools.gnu-tools-for-stm32.13.3.rel1.win32_1.0.0.202411081344/tools/bin/../lib/gcc/arm-none-eabi/13.3.1/../../../../arm-none-eabi/lib/thumb/v7e-m+dp/hard\libc_nano.a
END GROUP
START GROUP
LOAD C:/ST/STM32CubeIDE_1.19.0/STM32CubeIDE/plugins/com.st.stm32cube.ide.mcu.externaltools.gnu-tools-for-stm32.13.3.rel1.win32_1.0.0.202411081344/tools/bin/../lib/gcc/arm-none-eabi/13.3.1/thumb/v7e-m+dp/hard\libgcc.a
LOAD C:/ST/STM32CubeIDE_1.19.0/STM32CubeIDE/plugins/com.st.stm32cube.ide.mcu.externaltools.gnu-tools-for-stm32.13.3.rel1.win32_1.0.0.202411081344/tools/bin/../lib/gcc/arm-none-eabi/13.3.1/../../../../arm-none-eabi/lib/thumb/v7e-m+dp/hard\libc_nano.a
LOAD C:/ST/STM32CubeIDE_1.19.0/STM32CubeIDE/plugins/com.st.stm32cube.ide.mcu.externaltools.gnu-tools-for-stm32.13.3.rel1.win32_1.0.0.202411081344/tools/bin/../lib/gcc/arm-none-eabi/13.3.1/../../../../arm-none-eabi/lib/thumb/v7e-m+dp/hard\libnosys.a
END GROUP
START GROUP
LOAD C:/ST/STM32CubeIDE_1.19.0/STM32CubeIDE/plugins/com.st.stm32cube.ide.mcu.externaltools.gnu-tools-for-stm32.13.3.rel1.win32_1.0.0.202411081344/tools/bin/../lib/gcc/arm-none-eabi/13.3.1/thumb/v7e-m+dp/hard\libgcc.a
LOAD C:/ST/STM32CubeIDE_1.19.0/STM32CubeIDE/plugins/com.st.stm32cube.ide.mcu.externaltools.gnu-tools-for-stm32.13.3.rel1.win32_1.0.0.202411081344/tools/bin/../lib/gcc/arm-none-eabi/13.3.1/../../../../arm-none-eabi/lib/thumb/v7e-m+dp/hard\libc_nano.a
LOAD C:/ST/STM32CubeIDE_1.19.0/STM32CubeIDE/plugins/com.st.stm32cube.ide.mcu.externaltools.gnu-tools-for-stm32.13.3.rel1.win32_1.0.0.202411081344/tools/bin/../lib/gcc/arm-none-eabi/13.3.1/../../../../arm-none-eabi/lib/thumb/v7e-m+dp/hard\libnosys.a
END GROUP
LOAD C:/ST/STM32CubeIDE_1.19.0/STM32CubeIDE/plugins/com.st.stm32cube.ide.mcu.externaltools.gnu-tools-for-stm32.13.3.rel1.win32_1.0.0.202411081344/tools/bin/../lib/gcc/arm-none-eabi/13.3.1/thumb/v7e-m+dp/hard/crtend.o
LOAD C:/ST/STM32CubeIDE_1.19.0/STM32CubeIDE/plugins/com.st.stm32cube.ide.mcu.externaltools.gnu-tools-for-stm32.13.3.rel1.win32_1.0.0.202411081344/tools/bin/../lib/gcc/arm-none-eabi/13.3.1/thumb/v7e-m+dp/hard/crtn.o
                0x20080000                        _estack = (ORIGIN (RAM) + LENGTH (RAM))
                0x00000200                        _Min_Heap_Size = 0x200
                0x00000400                        _Min_Stack_Size = 0x400

.isr_vector     0x08000000      0x1f8
                0x08000000                        . = ALIGN (0x4)
 *(.isr_vector)
 .isr_vector    0x08000000      0x1f8 ./Core/Startup/startup_stm32f767vitx.o
                0x08000000                g_pfnVectors
                0x080001f8                        . = ALIGN (0x4)

.text           0x080001f8     0x3640
                0x080001f8                        . = ALIGN (0x4)
 *(.text)
 .text          0x080001f8       0x40 C:/ST/STM32CubeIDE_1.19.0/STM32CubeIDE/plugins/com.st.stm32cube.ide.mcu.externaltools.gnu-tools-for-stm32.13.3.rel1.win32_1.0.0.202411081344/tools/bin/../lib/gcc/arm-none-eabi/13.3.1/thumb/v7e-m+dp/hard/crtbegin.o
 *(.text*)
 .text.hallsens_update_hallSeq
                0x08000238       0x80 ./Core/Drv/hallSens/hallsens.o
                0x08000238                hallsens_update_hallSeq
 .text.hallsens_init
                0x080002b8       0xa4 ./Core/Drv/hallSens/hallsens.o
                0x080002b8                hallsens_init
 .text.hallsens_set_PWMduty
                0x0800035c       0xd8 ./Core/Drv/hallSens/hallsens.o
 .text.hallsens_setPhase_FWD
                0x08000434       0xb4 ./Core/Drv/hallSens/hallsens.o
 .text.hallsens_update_swtPattern
                0x080004e8        0xc ./Core/Drv/hallSens/hallsens.o
                0x080004e8                hallsens_update_swtPattern
 .text.hallsens_cal_motorRPM
                0x080004f4       0x80 ./Core/Drv/hallSens/hallsens.o
                0x080004f4                hallsens_cal_motorRPM
 .text.hallsens_filtering_rawRPM
                0x08000574       0x24 ./Core/Drv/hallSens/hallsens.o
                0x08000574                hallsens_filtering_rawRPM
 .text.hallsens_check_zeroSpd
                0x08000598       0x64 ./Core/Drv/hallSens/hallsens.o
                0x08000598                hallsens_check_zeroSpd
 .text.hallsens_get_motorRPM
                0x080005fc       0x1c ./Core/Drv/hallSens/hallsens.o
                0x080005fc                hallsens_get_motorRPM
 .text.mtrCtrl_PI_clearTerms
                0x08000618       0x38 ./Core/Drv/mtrCtrl/mtrCtrl.o
                0x08000618                mtrCtrl_PI_clearTerms
 .text.mtrCtrl_PI_setTunings
                0x08000650       0x2c ./Core/Drv/mtrCtrl/mtrCtrl.o
                0x08000650                mtrCtrl_PI_setTunings
 .text.mtrCtrl_PI_setRPMRef
                0x0800067c       0x20 ./Core/Drv/mtrCtrl/mtrCtrl.o
                0x0800067c                mtrCtrl_PI_setRPMRef
 .text.mtrCtrl_PI_init
                0x0800069c       0x34 ./Core/Drv/mtrCtrl/mtrCtrl.o
 .text.mtrCtrl_PI_getRPMRef
                0x080006d0       0x1c ./Core/Drv/mtrCtrl/mtrCtrl.o
                0x080006d0                mtrCtrl_PI_getRPMRef
 .text.mtrCtrl_PI_update
                0x080006ec      0x144 ./Core/Drv/mtrCtrl/mtrCtrl.o
                0x080006ec                mtrCtrl_PI_update
 .text.mtrCtrl_objInit
                0x08000830       0x70 ./Core/Drv/mtrCtrl/mtrCtrl.o
                0x08000830                mtrCtrl_objInit
 .text.mtrCtrl_calc_mtrSpeed
                0x080008a0       0x4c ./Core/Drv/mtrCtrl/mtrCtrl.o
                0x080008a0                mtrCtrl_calc_mtrSpeed
 .text.mtrCtrl_setFinalCCR_refVal
                0x080008ec       0x3c ./Core/Drv/mtrCtrl/mtrCtrl.o
                0x080008ec                mtrCtrl_setFinalCCR_refVal
 .text.mtrCtrl_getFinalCCR_refVal
                0x08000928       0x18 ./Core/Drv/mtrCtrl/mtrCtrl.o
                0x08000928                mtrCtrl_getFinalCCR_refVal
 .text.mtrCtrl_getSelCtrlMode
                0x08000940       0x18 ./Core/Drv/mtrCtrl/mtrCtrl.o
                0x08000940                mtrCtrl_getSelCtrlMode
 .text.mtrCtrl_setSelCtrlMode
                0x08000958       0x20 ./Core/Drv/mtrCtrl/mtrCtrl.o
                0x08000958                mtrCtrl_setSelCtrlMode
 .text.mtrCtrl_getPeriphInit
                0x08000978       0x18 ./Core/Drv/mtrCtrl/mtrCtrl.o
                0x08000978                mtrCtrl_getPeriphInit
 .text.mtrCtrl_setPeriphInit
                0x08000990       0x18 ./Core/Drv/mtrCtrl/mtrCtrl.o
                0x08000990                mtrCtrl_setPeriphInit
 .text.mtrCtrl_setCtrlContinue
                0x080009a8       0x20 ./Core/Drv/mtrCtrl/mtrCtrl.o
                0x080009a8                mtrCtrl_setCtrlContinue
 .text.mtrCtrl_getCtrlContinue
                0x080009c8       0x18 ./Core/Drv/mtrCtrl/mtrCtrl.o
                0x080009c8                mtrCtrl_getCtrlContinue
 .text.mtrCtrl_chkErrSt
                0x080009e0       0xb8 ./Core/Drv/mtrCtrl/mtrCtrl.o
                0x080009e0                mtrCtrl_chkErrSt
 .text.mtrCtrl_getErrCode
                0x08000a98       0x18 ./Core/Drv/mtrCtrl/mtrCtrl.o
                0x08000a98                mtrCtrl_getErrCode
 .text.mtrCtrl_getAppInit_flg
                0x08000ab0       0x18 ./Core/Drv/mtrCtrl/mtrCtrl.o
                0x08000ab0                mtrCtrl_getAppInit_flg
 .text.mtrCtrl_setAppInit_flg
                0x08000ac8       0x18 ./Core/Drv/mtrCtrl/mtrCtrl.o
                0x08000ac8                mtrCtrl_setAppInit_flg
 .text.throttle_init
                0x08000ae0       0x3c ./Core/Drv/sensing/sensing.o
                0x08000ae0                throttle_init
 .text.throttle_sensing
                0x08000b1c       0x74 ./Core/Drv/sensing/sensing.o
 .text.throttle_postProcess
                0x08000b90       0x74 ./Core/Drv/sensing/sensing.o
 .text.throttle_update_proc
                0x08000c04       0x44 ./Core/Drv/sensing/sensing.o
                0x08000c04                throttle_update_proc
 .text.throttle_get_validateFlg
                0x08000c48       0x18 ./Core/Drv/sensing/sensing.o
                0x08000c48                throttle_get_validateFlg
 .text.throttle_get_refVolt
                0x08000c60       0x1c ./Core/Drv/sensing/sensing.o
                0x08000c60                throttle_get_refVolt
 .text.NTC_init
                0x08000c7c       0x28 ./Core/Drv/sensing/sensing.o
                0x08000c7c                NTC_init
 *fill*         0x08000ca4        0x4 
 .text.NTC_getHeat_st
                0x08000ca8      0x10c ./Core/Drv/sensing/sensing.o
                0x08000ca8                NTC_getHeat_st
 .text.dcVolt_init
                0x08000db4       0x28 ./Core/Drv/sensing/sensing.o
                0x08000db4                dcVolt_init
 .text.dcVolt_getLowVolt_st
                0x08000ddc       0x68 ./Core/Drv/sensing/sensing.o
                0x08000ddc                dcVolt_getLowVolt_st
 .text.sensingCurr_init
                0x08000e44       0x7c ./Core/Drv/sensing/sensing.o
                0x08000e44                sensingCurr_init
 .text.sensingCurr_getOverCurrent_st
                0x08000ec0      0x28c ./Core/Drv/sensing/sensing.o
                0x08000ec0                sensingCurr_getOverCurrent_st
 .text.sensing_getIphase_max
                0x0800114c       0x1c ./Core/Drv/sensing/sensing.o
                0x0800114c                sensing_getIphase_max
 .text.sensing_objs_Init
                0x08001168       0x18 ./Core/Drv/sensing/sensing.o
                0x08001168                sensing_objs_Init
 .text.tasksch_runTime_assertFunc
                0x08001180        0x8 ./Core/Drv/tasksch/tasksch.o
 .text.tasksch_taskConfig
                0x08001188      0x150 ./Core/Drv/tasksch/tasksch.o
 .text.tasksch_initTasks
                0x080012d8       0x46 ./Core/Drv/tasksch/tasksch.o
 .text.tasksch_startCycleMeasurement
                0x0800131e        0xe ./Core/Drv/tasksch/tasksch.o
 .text.tasksch_endCycleMeasurement
                0x0800132c        0xe ./Core/Drv/tasksch/tasksch.o
 .text.tasksch_userFeedFail_watchdogHook
                0x0800133a        0xe ./Core/Drv/tasksch/tasksch.o
                0x0800133a                tasksch_userFeedFail_watchdogHook
 .text.tasksch_userMajorCycleHook
                0x08001348        0xe ./Core/Drv/tasksch/tasksch.o
                0x08001348                tasksch_userMajorCycleHook
 .text.tasksch_user_preExit_schedulerHook
                0x08001356        0xe ./Core/Drv/tasksch/tasksch.o
                0x08001356                tasksch_user_preExit_schedulerHook
 .text.tasksch_isMajorCycle
                0x08001364       0x28 ./Core/Drv/tasksch/tasksch.o
 .text.tasksch_update_majorCycle_infos
                0x0800138c       0xdc ./Core/Drv/tasksch/tasksch.o
 .text.tasksch_majorCycleEvent
                0x08001468       0x40 ./Core/Drv/tasksch/tasksch.o
 .text.tasksch_initEvent
                0x080014a8       0x1c ./Core/Drv/tasksch/tasksch.o
 .text.tasksch_initExecClock
                0x080014c4       0x30 ./Core/Drv/tasksch/tasksch.o
 .text.tasksch_updateExecClock
                0x080014f4       0x88 ./Core/Drv/tasksch/tasksch.o
 .text.tasksch_checkOverrunThreshold
                0x0800157c        0xe ./Core/Drv/tasksch/tasksch.o
 .text.tasksch_detectOverRun
                0x0800158a       0x14 ./Core/Drv/tasksch/tasksch.o
 *fill*         0x0800159e        0x2 
 .text.tasksch_infoInit
                0x080015a0       0x48 ./Core/Drv/tasksch/tasksch.o
 .text.tasksch_init
                0x080015e8       0xac ./Core/Drv/tasksch/tasksch.o
                0x080015e8                tasksch_init
 .text.tasksch_execTask
                0x08001694      0x148 ./Core/Drv/tasksch/tasksch.o
                0x08001694                tasksch_execTask
 .text.tasksch_timeManager
                0x080017dc      0x148 ./Core/Drv/tasksch/tasksch.o
                0x080017dc                tasksch_timeManager
 .text.Task_1ms
                0x08001924       0x14 ./Core/Drv/tasksch/tasksch_config.o
                0x08001924                Task_1ms
 .text.Task_10ms
                0x08001938       0x54 ./Core/Drv/tasksch/tasksch_config.o
                0x08001938                Task_10ms
 .text.Task_10ms_2
                0x0800198c       0x64 ./Core/Drv/tasksch/tasksch_config.o
                0x0800198c                Task_10ms_2
 .text.Task_10ms_4
                0x080019f0       0x34 ./Core/Drv/tasksch/tasksch_config.o
                0x080019f0                Task_10ms_4
 .text.Task_10ms_6
                0x08001a24       0x34 ./Core/Drv/tasksch/tasksch_config.o
                0x08001a24                Task_10ms_6
 .text.Task_10ms_8
                0x08001a58       0x2c ./Core/Drv/tasksch/tasksch_config.o
                0x08001a58                Task_10ms_8
 .text.Task_100ms
                0x08001a84       0x14 ./Core/Drv/tasksch/tasksch_config.o
                0x08001a84                Task_100ms
 .text.Task_500ms
                0x08001a98       0x14 ./Core/Drv/tasksch/tasksch_config.o
                0x08001a98                Task_500ms
 .text.Task_1sec
                0x08001aac        0xe ./Core/Drv/tasksch/tasksch_config.o
                0x08001aac                Task_1sec
 *fill*         0x08001aba        0x2 
 .text.tasksch_init_RegiTaskObj
                0x08001abc       0xe0 ./Core/Drv/tasksch/tasksch_config.o
                0x08001abc                tasksch_init_RegiTaskObj
 .text.tasksch_userInitCmpltHook
                0x08001b9c       0x50 ./Core/Drv/tasksch/tasksch_config.o
                0x08001b9c                tasksch_userInitCmpltHook
 .text.tasksch_requestExit
                0x08001bec       0x18 ./Core/Drv/tasksch/tasksch_config.o
                0x08001bec                tasksch_requestExit
 .text.tasksch_initWatchdog
                0x08001c04       0x1c ./Core/Drv/tasksch/tasksch_config.o
                0x08001c04                tasksch_initWatchdog
 .text.tasksch_beginWatchdog
                0x08001c20       0x1c ./Core/Drv/tasksch/tasksch_config.o
                0x08001c20                tasksch_beginWatchdog
 .text.tasksch_feedWatchdog
                0x08001c3c       0x1c ./Core/Drv/tasksch/tasksch_config.o
                0x08001c3c                tasksch_feedWatchdog
 .text.tasksch_ValidateUser_RegiTaskInfos
                0x08001c58       0x58 ./Core/Drv/tasksch/tasksch_config.o
                0x08001c58                tasksch_ValidateUser_RegiTaskInfos
 .text.tasksch_getUserRegi_taskInfo
                0x08001cb0       0x44 ./Core/Drv/tasksch/tasksch_config.o
                0x08001cb0                tasksch_getUserRegi_taskInfo
 .text.gpio_set_output
                0x08001cf4       0xca ./Core/Src/Gpio.o
                0x08001cf4                gpio_set_output
 .text.gpio_set_input
                0x08001dbe       0x5c ./Core/Src/Gpio.o
                0x08001dbe                gpio_set_input
 .text.gpio_set_analog
                0x08001e1a       0x58 ./Core/Src/Gpio.o
                0x08001e1a                gpio_set_analog
 .text.gpio_set_alterFunc
                0x08001e72       0xdc ./Core/Src/Gpio.o
                0x08001e72                gpio_set_alterFunc
 .text.gpio_toggle_pin
                0x08001f4e       0x2a ./Core/Src/Gpio.o
                0x08001f4e                gpio_toggle_pin
 .text.gpio_read_pin
                0x08001f78       0x30 ./Core/Src/Gpio.o
                0x08001f78                gpio_read_pin
 .text.gpio_init
                0x08001fa8       0x20 ./Core/Src/Gpio.o
                0x08001fa8                gpio_init
 .text.adc_offsetCalib
                0x08001fc8      0x100 ./Core/Src/adc.o
                0x08001fc8                adc_offsetCalib
 .text.adc_getOffsetCalib_val
                0x080020c8       0x4c ./Core/Src/adc.o
                0x080020c8                adc_getOffsetCalib_val
 .text.adc_init
                0x08002114      0x170 ./Core/Src/adc.o
                0x08002114                adc_init
 .text.adc_conv_rawNTC_polling
                0x08002284       0x6c ./Core/Src/adc.o
                0x08002284                adc_conv_rawNTC_polling
 .text.adc_conv_rawThrottle_polling
                0x080022f0       0x6c ./Core/Src/adc.o
                0x080022f0                adc_conv_rawThrottle_polling
 .text.adc_conv_rawVdc_polling
                0x0800235c       0x6c ./Core/Src/adc.o
                0x0800235c                adc_conv_rawVdc_polling
 .text.adc_conv_rawIus_polling
                0x080023c8       0x60 ./Core/Src/adc.o
                0x080023c8                adc_conv_rawIus_polling
 .text.adc_conv_rawIvs_polling
                0x08002428       0x64 ./Core/Src/adc.o
                0x08002428                adc_conv_rawIvs_polling
 .text.adc_conv_rawIws_polling
                0x0800248c       0x64 ./Core/Src/adc.o
                0x0800248c                adc_conv_rawIws_polling
 .text.dac_init
                0x080024f0       0x70 ./Core/Src/dac.o
                0x080024f0                dac_init
 .text.__NVIC_EnableIRQ
                0x08002560       0x3c ./Core/Src/exti.o
 .text.exti_init
                0x0800259c      0x11c ./Core/Src/exti.o
                0x0800259c                exti_init
 .text.exti_check_extiPR
                0x080026b8       0x6c ./Core/Src/exti.o
                0x080026b8                exti_check_extiPR
 .text.exti_clear_extiPR
                0x08002724       0x5c ./Core/Src/exti.o
                0x08002724                exti_clear_extiPR
 .text.SysTick_Handler
                0x08002780        0xc ./Core/Src/isr.o
                0x08002780                SysTick_Handler
 .text.EXTI0_IRQHandler
                0x0800278c       0x22 ./Core/Src/isr.o
                0x0800278c                EXTI0_IRQHandler
 .text.EXTI1_IRQHandler
                0x080027ae       0x22 ./Core/Src/isr.o
                0x080027ae                EXTI1_IRQHandler
 .text.EXTI2_IRQHandler
                0x080027d0       0x22 ./Core/Src/isr.o
                0x080027d0                EXTI2_IRQHandler
 *fill*         0x080027f2        0x2 
 .text.TIM1_UP_TIM10_IRQHandler
                0x080027f4       0x70 ./Core/Src/isr.o
                0x080027f4                TIM1_UP_TIM10_IRQHandler
 .text.main     0x08002864       0x64 ./Core/Src/main.o
                0x08002864                main
 .text.NMI_Handler
                0x080028c8        0x8 ./Core/Src/stm32f7xx_it.o
                0x080028c8                NMI_Handler
 .text.HardFault_Handler
                0x080028d0        0x8 ./Core/Src/stm32f7xx_it.o
                0x080028d0                HardFault_Handler
 .text.MemManage_Handler
                0x080028d8        0x8 ./Core/Src/stm32f7xx_it.o
                0x080028d8                MemManage_Handler
 .text.BusFault_Handler
                0x080028e0        0x8 ./Core/Src/stm32f7xx_it.o
                0x080028e0                BusFault_Handler
 .text.UsageFault_Handler
                0x080028e8        0x8 ./Core/Src/stm32f7xx_it.o
                0x080028e8                UsageFault_Handler
 .text.SVC_Handler
                0x080028f0        0xe ./Core/Src/stm32f7xx_it.o
                0x080028f0                SVC_Handler
 .text.DebugMon_Handler
                0x080028fe        0xe ./Core/Src/stm32f7xx_it.o
                0x080028fe                DebugMon_Handler
 .text.PendSV_Handler
                0x0800290c        0xe ./Core/Src/stm32f7xx_it.o
                0x0800290c                PendSV_Handler
 *fill*         0x0800291a        0x2 
 .text.SCB_EnableICache
                0x0800291c       0x4c ./Core/Src/system.o
 .text.SCB_EnableDCache
                0x08002968       0x88 ./Core/Src/system.o
 .text.system_clock_pll_init
                0x080029f0       0x78 ./Core/Src/system.o
 .text.system_clock_pll_init2
                0x08002a68       0x34 ./Core/Src/system.o
 .text.system_clock_periperals
                0x08002a9c       0x3c ./Core/Src/system.o
 .text.system_mcu_init
                0x08002ad8       0xc8 ./Core/Src/system.o
                0x08002ad8                system_mcu_init
 .text.system_sysTick_init
                0x08002ba0       0x28 ./Core/Src/system.o
                0x08002ba0                system_sysTick_init
 .text.SystemInit
                0x08002bc8       0x24 ./Core/Src/system_stm32f7xx.o
                0x08002bc8                SystemInit
 .text.__NVIC_EnableIRQ
                0x08002bec       0x3c ./Core/Src/tim.o
 .text.tim_tim2_init
                0x08002c28       0x5c ./Core/Src/tim.o
 .text.tim_pwm1_init
                0x08002c84      0x134 ./Core/Src/tim.o
 .text.tim_pwm1_nvic_counterSet
                0x08002db8       0x34 ./Core/Src/tim.o
                0x08002db8                tim_pwm1_nvic_counterSet
 .text.tim_init
                0x08002dec       0x28 ./Core/Src/tim.o
                0x08002dec                tim_init
 .text.tim_Pwm1_Mute_channel
                0x08002e14       0xcc ./Core/Src/tim.o
                0x08002e14                tim_Pwm1_Mute_channel
 .text.tim_Pwm1_Unmute_channel
                0x08002ee0       0x9c ./Core/Src/tim.o
                0x08002ee0                tim_Pwm1_Unmute_channel
 .text.tim_Pwm1_setCmpVal
                0x08002f7c       0xd0 ./Core/Src/tim.o
                0x08002f7c                tim_Pwm1_setCmpVal
 .text.tim_getTim2_cnt
                0x0800304c       0x18 ./Core/Src/tim.o
                0x0800304c                tim_getTim2_cnt
 .text.tim_getPwm1_ISR_flg
                0x08003064       0x28 ./Core/Src/tim.o
                0x08003064                tim_getPwm1_ISR_flg
 .text.tim_clrPwm1_ISR_flg
                0x0800308c       0x24 ./Core/Src/tim.o
                0x0800308c                tim_clrPwm1_ISR_flg
 .text.uart_base_init
                0x080030b0       0xec ./Core/Src/uart.o
 .text.uart_AT09_init
                0x0800319c       0x60 ./Core/Src/uart.o
                0x0800319c                uart_AT09_init
 .text.uart_debug_init
                0x080031fc       0x60 ./Core/Src/uart.o
                0x080031fc                uart_debug_init
 .text.uart_sendChar_polling
                0x0800325c       0x30 ./Core/Src/uart.o
 .text.uart_sendStr_polling
                0x0800328c       0x46 ./Core/Src/uart.o
 *fill*         0x080032d2        0x2 
 .text.uart_send_uint
                0x080032d4       0x88 ./Core/Src/uart.o
 .text.uart_send_int
                0x0800335c       0x30 ./Core/Src/uart.o
 .text.uart_sendFloat
                0x0800338c       0xd6 ./Core/Src/uart.o
 *fill*         0x08003462        0x2 
 .text.uart_debug_sendStr_polling
                0x08003464       0x20 ./Core/Src/uart.o
                0x08003464                uart_debug_sendStr_polling
 .text.uart_debug_sendInt_polling
                0x08003484       0x1c ./Core/Src/uart.o
                0x08003484                uart_debug_sendInt_polling
 .text.uart_debug_sendFloat_polling
                0x080034a0       0x28 ./Core/Src/uart.o
                0x080034a0                uart_debug_sendFloat_polling
 .text.utils_LPF_get_Alpha
                0x080034c8       0x70 ./Core/Src/utils.o
 .text.utils_LPF_RPM_init
                0x08003538       0x40 ./Core/Src/utils.o
                0x08003538                utils_LPF_RPM_init
 .text.utils_LPF_phaseCurr_init
                0x08003578       0x44 ./Core/Src/utils.o
                0x08003578                utils_LPF_phaseCurr_init
 .text.utils_LPF_RPM_filter
                0x080035bc       0x90 ./Core/Src/utils.o
                0x080035bc                utils_LPF_RPM_filter
 .text.utils_LPF_phaseCurr_filter
                0x0800364c       0x90 ./Core/Src/utils.o
                0x0800364c                utils_LPF_phaseCurr_filter
 .text.utils_ramp2Tgt
                0x080036dc       0xa8 ./Core/Src/utils.o
                0x080036dc                utils_ramp2Tgt
 .text.Reset_Handler
                0x08003784       0x50 ./Core/Startup/startup_stm32f767vitx.o
                0x08003784                Reset_Handler
 .text.Default_Handler
                0x080037d4        0x2 ./Core/Startup/startup_stm32f767vitx.o
                0x080037d4                RTC_Alarm_IRQHandler
                0x080037d4                TIM8_CC_IRQHandler
                0x080037d4                UART8_IRQHandler
                0x080037d4                SPI4_IRQHandler
                0x080037d4                TIM1_CC_IRQHandler
                0x080037d4                DMA2_Stream5_IRQHandler
                0x080037d4                JPEG_IRQHandler
                0x080037d4                DMA1_Stream5_IRQHandler
                0x080037d4                CAN3_RX1_IRQHandler
                0x080037d4                PVD_IRQHandler
                0x080037d4                TAMP_STAMP_IRQHandler
                0x080037d4                CAN2_RX1_IRQHandler
                0x080037d4                EXTI3_IRQHandler
                0x080037d4                TIM8_TRG_COM_TIM14_IRQHandler
                0x080037d4                DFSDM1_FLT1_IRQHandler
                0x080037d4                TIM8_UP_TIM13_IRQHandler
                0x080037d4                I2C3_ER_IRQHandler
                0x080037d4                DFSDM1_FLT2_IRQHandler
                0x080037d4                I2C2_EV_IRQHandler
                0x080037d4                DMA1_Stream2_IRQHandler
                0x080037d4                CAN1_RX0_IRQHandler
                0x080037d4                FPU_IRQHandler
                0x080037d4                OTG_HS_WKUP_IRQHandler
                0x080037d4                CAN3_SCE_IRQHandler
                0x080037d4                LTDC_ER_IRQHandler
                0x080037d4                CAN2_SCE_IRQHandler
                0x080037d4                DMA2_Stream2_IRQHandler
                0x080037d4                SPI1_IRQHandler
                0x080037d4                TIM6_DAC_IRQHandler
                0x080037d4                TIM1_BRK_TIM9_IRQHandler
                0x080037d4                DCMI_IRQHandler
                0x080037d4                CAN2_RX0_IRQHandler
                0x080037d4                DMA2_Stream3_IRQHandler
                0x080037d4                SAI2_IRQHandler
                0x080037d4                DFSDM1_FLT3_IRQHandler
                0x080037d4                USART6_IRQHandler
                0x080037d4                CAN3_RX0_IRQHandler
                0x080037d4                USART3_IRQHandler
                0x080037d4                CAN1_RX1_IRQHandler
                0x080037d4                UART5_IRQHandler
                0x080037d4                DMA2_Stream0_IRQHandler
                0x080037d4                TIM4_IRQHandler
                0x080037d4                QUADSPI_IRQHandler
                0x080037d4                I2C1_EV_IRQHandler
                0x080037d4                DMA1_Stream6_IRQHandler
                0x080037d4                DMA1_Stream1_IRQHandler
                0x080037d4                UART4_IRQHandler
                0x080037d4                TIM3_IRQHandler
                0x080037d4                RCC_IRQHandler
                0x080037d4                TIM8_BRK_TIM12_IRQHandler
                0x080037d4                Default_Handler
                0x080037d4                CEC_IRQHandler
                0x080037d4                EXTI15_10_IRQHandler
                0x080037d4                ADC_IRQHandler
                0x080037d4                DMA1_Stream7_IRQHandler
                0x080037d4                SPI5_IRQHandler
                0x080037d4                TIM7_IRQHandler
                0x080037d4                SDMMC1_IRQHandler
                0x080037d4                CAN2_TX_IRQHandler
                0x080037d4                TIM5_IRQHandler
                0x080037d4                DMA2_Stream7_IRQHandler
                0x080037d4                I2C3_EV_IRQHandler
                0x080037d4                EXTI9_5_IRQHandler
                0x080037d4                RTC_WKUP_IRQHandler
                0x080037d4                LTDC_IRQHandler
                0x080037d4                ETH_WKUP_IRQHandler
                0x080037d4                SPDIF_RX_IRQHandler
                0x080037d4                SPI2_IRQHandler
                0x080037d4                OTG_HS_EP1_IN_IRQHandler
                0x080037d4                DMA1_Stream0_IRQHandler
                0x080037d4                CAN1_TX_IRQHandler
                0x080037d4                EXTI4_IRQHandler
                0x080037d4                RNG_IRQHandler
                0x080037d4                ETH_IRQHandler
                0x080037d4                OTG_HS_EP1_OUT_IRQHandler
                0x080037d4                WWDG_IRQHandler
                0x080037d4                SPI6_IRQHandler
                0x080037d4                MDIOS_IRQHandler
                0x080037d4                I2C4_EV_IRQHandler
                0x080037d4                CAN3_TX_IRQHandler
                0x080037d4                TIM2_IRQHandler
                0x080037d4                OTG_FS_WKUP_IRQHandler
                0x080037d4                TIM1_TRG_COM_TIM11_IRQHandler
                0x080037d4                OTG_HS_IRQHandler
                0x080037d4                DMA2D_IRQHandler
                0x080037d4                SDMMC2_IRQHandler
                0x080037d4                UART7_IRQHandler
                0x080037d4                USART2_IRQHandler
                0x080037d4                DFSDM1_FLT0_IRQHandler
                0x080037d4                I2C2_ER_IRQHandler
                0x080037d4                DMA2_Stream1_IRQHandler
                0x080037d4                CAN1_SCE_IRQHandler
                0x080037d4                FLASH_IRQHandler
                0x080037d4                DMA2_Stream4_IRQHandler
                0x080037d4                USART1_IRQHandler
                0x080037d4                OTG_FS_IRQHandler
                0x080037d4                SPI3_IRQHandler
                0x080037d4                DMA1_Stream4_IRQHandler
                0x080037d4                I2C1_ER_IRQHandler
                0x080037d4                FMC_IRQHandler
                0x080037d4                LPTIM1_IRQHandler
                0x080037d4                I2C4_ER_IRQHandler
                0x080037d4                DMA2_Stream6_IRQHandler
                0x080037d4                SAI1_IRQHandler
                0x080037d4                DMA1_Stream3_IRQHandler
 *fill*         0x080037d6        0x2 
 .text.__libc_init_array
                0x080037d8       0x48 C:/ST/STM32CubeIDE_1.19.0/STM32CubeIDE/plugins/com.st.stm32cube.ide.mcu.externaltools.gnu-tools-for-stm32.13.3.rel1.win32_1.0.0.202411081344/tools/bin/../lib/gcc/arm-none-eabi/13.3.1/../../../../arm-none-eabi/lib/thumb/v7e-m+dp/hard\libc_nano.a(libc_a-init.o)
                0x080037d8                __libc_init_array
 *(.glue_7)
 .glue_7        0x08003820        0x0 linker stubs
 *(.glue_7t)
 .glue_7t       0x08003820        0x0 linker stubs
 *(.eh_frame)
 .eh_frame      0x08003820        0x0 C:/ST/STM32CubeIDE_1.19.0/STM32CubeIDE/plugins/com.st.stm32cube.ide.mcu.externaltools.gnu-tools-for-stm32.13.3.rel1.win32_1.0.0.202411081344/tools/bin/../lib/gcc/arm-none-eabi/13.3.1/thumb/v7e-m+dp/hard/crtbegin.o
 *(.init)
 .init          0x08003820        0x4 C:/ST/STM32CubeIDE_1.19.0/STM32CubeIDE/plugins/com.st.stm32cube.ide.mcu.externaltools.gnu-tools-for-stm32.13.3.rel1.win32_1.0.0.202411081344/tools/bin/../lib/gcc/arm-none-eabi/13.3.1/thumb/v7e-m+dp/hard/crti.o
                0x08003820                _init
 .init          0x08003824        0x8 C:/ST/STM32CubeIDE_1.19.0/STM32CubeIDE/plugins/com.st.stm32cube.ide.mcu.externaltools.gnu-tools-for-stm32.13.3.rel1.win32_1.0.0.202411081344/tools/bin/../lib/gcc/arm-none-eabi/13.3.1/thumb/v7e-m+dp/hard/crtn.o
 *(.fini)
 .fini          0x0800382c        0x4 C:/ST/STM32CubeIDE_1.19.0/STM32CubeIDE/plugins/com.st.stm32cube.ide.mcu.externaltools.gnu-tools-for-stm32.13.3.rel1.win32_1.0.0.202411081344/tools/bin/../lib/gcc/arm-none-eabi/13.3.1/thumb/v7e-m+dp/hard/crti.o
                0x0800382c                _fini
 .fini          0x08003830        0x8 C:/ST/STM32CubeIDE_1.19.0/STM32CubeIDE/plugins/com.st.stm32cube.ide.mcu.externaltools.gnu-tools-for-stm32.13.3.rel1.win32_1.0.0.202411081344/tools/bin/../lib/gcc/arm-none-eabi/13.3.1/thumb/v7e-m+dp/hard/crtn.o
                0x08003838                        . = ALIGN (0x4)
                0x08003838                        _etext = .

.vfp11_veneer   0x08003838        0x0
 .vfp11_veneer  0x08003838        0x0 linker stubs

.v4_bx          0x08003838        0x0
 .v4_bx         0x08003838        0x0 linker stubs

.iplt           0x08003838        0x0
 .iplt          0x08003838        0x0 C:/ST/STM32CubeIDE_1.19.0/STM32CubeIDE/plugins/com.st.stm32cube.ide.mcu.externaltools.gnu-tools-for-stm32.13.3.rel1.win32_1.0.0.202411081344/tools/bin/../lib/gcc/arm-none-eabi/13.3.1/thumb/v7e-m+dp/hard/crtbegin.o

.rodata         0x08003838       0x38
                0x08003838                        . = ALIGN (0x4)
 *(.rodata)
 .rodata        0x08003838       0x35 ./Core/Drv/tasksch/tasksch_config.o
 *(.rodata*)
                0x08003870                        . = ALIGN (0x4)
 *fill*         0x0800386d        0x3 

.ARM.extab      0x08003870        0x0
                0x08003870                        . = ALIGN (0x4)
 *(.ARM.extab* .gnu.linkonce.armextab.*)
                0x08003870                        . = ALIGN (0x4)

.ARM            0x08003870        0x0
                0x08003870                        . = ALIGN (0x4)
                0x08003870                        __exidx_start = .
 *(.ARM.exidx*)
                0x08003870                        __exidx_end = .
                0x08003870                        . = ALIGN (0x4)

.preinit_array  0x08003870        0x0
                0x08003870                        . = ALIGN (0x4)
                0x08003870                        PROVIDE (__preinit_array_start = .)
 *(.preinit_array*)
                0x08003870                        PROVIDE (__preinit_array_end = .)
                0x08003870                        . = ALIGN (0x4)

.init_array     0x08003870        0x4
                0x08003870                        . = ALIGN (0x4)
                0x08003870                        PROVIDE (__init_array_start = .)
 *(SORT_BY_NAME(.init_array.*))
 *(.init_array*)
 .init_array    0x08003870        0x4 C:/ST/STM32CubeIDE_1.19.0/STM32CubeIDE/plugins/com.st.stm32cube.ide.mcu.externaltools.gnu-tools-for-stm32.13.3.rel1.win32_1.0.0.202411081344/tools/bin/../lib/gcc/arm-none-eabi/13.3.1/thumb/v7e-m+dp/hard/crtbegin.o
                0x08003874                        PROVIDE (__init_array_end = .)
                0x08003874                        . = ALIGN (0x4)

.fini_array     0x08003874        0x4
                0x08003874                        . = ALIGN (0x4)
                [!provide]                        PROVIDE (__fini_array_start = .)
 *(SORT_BY_NAME(.fini_array.*))
 *(.fini_array*)
 .fini_array    0x08003874        0x4 C:/ST/STM32CubeIDE_1.19.0/STM32CubeIDE/plugins/com.st.stm32cube.ide.mcu.externaltools.gnu-tools-for-stm32.13.3.rel1.win32_1.0.0.202411081344/tools/bin/../lib/gcc/arm-none-eabi/13.3.1/thumb/v7e-m+dp/hard/crtbegin.o
                [!provide]                        PROVIDE (__fini_array_end = .)
                0x08003878                        . = ALIGN (0x4)
                0x08003878                        _sidata = LOADADDR (.data)

.rel.dyn        0x08003878        0x0
 .rel.iplt      0x08003878        0x0 C:/ST/STM32CubeIDE_1.19.0/STM32CubeIDE/plugins/com.st.stm32cube.ide.mcu.externaltools.gnu-tools-for-stm32.13.3.rel1.win32_1.0.0.202411081344/tools/bin/../lib/gcc/arm-none-eabi/13.3.1/thumb/v7e-m+dp/hard/crtbegin.o

.data           0x20000000        0x0 load address 0x08003878
                0x20000000                        . = ALIGN (0x4)
                0x20000000                        _sdata = .
 *(.data)
 *(.data*)
 *(.RamFunc)
 *(.RamFunc*)
                0x20000000                        . = ALIGN (0x4)
                0x20000000                        _edata = .

.igot.plt       0x20000000        0x0 load address 0x08003878
 .igot.plt      0x20000000        0x0 C:/ST/STM32CubeIDE_1.19.0/STM32CubeIDE/plugins/com.st.stm32cube.ide.mcu.externaltools.gnu-tools-for-stm32.13.3.rel1.win32_1.0.0.202411081344/tools/bin/../lib/gcc/arm-none-eabi/13.3.1/thumb/v7e-m+dp/hard/crtbegin.o
                0x20000000                        . = ALIGN (0x4)

.bss            0x20000000      0x2ec load address 0x08003878
                0x20000000                        _sbss = .
                0x20000000                        __bss_start__ = _sbss
 *(.bss)
 .bss           0x20000000       0x1c C:/ST/STM32CubeIDE_1.19.0/STM32CubeIDE/plugins/com.st.stm32cube.ide.mcu.externaltools.gnu-tools-for-stm32.13.3.rel1.win32_1.0.0.202411081344/tools/bin/../lib/gcc/arm-none-eabi/13.3.1/thumb/v7e-m+dp/hard/crtbegin.o
 *(.bss*)
 .bss.vHallSens_handler
                0x2000001c       0x40 ./Core/Drv/hallSens/hallsens.o
                0x2000001c                vHallSens_handler
 .bss.vMotorCtrl_manager
                0x2000005c       0x20 ./Core/Drv/mtrCtrl/mtrCtrl.o
                0x2000005c                vMotorCtrl_manager
 .bss.vPiCtrl_handler
                0x2000007c       0x24 ./Core/Drv/mtrCtrl/mtrCtrl.o
                0x2000007c                vPiCtrl_handler
 .bss.vThrottle_handler
                0x200000a0       0x18 ./Core/Drv/sensing/sensing.o
                0x200000a0                vThrottle_handler
 .bss.vDcVolt_handler
                0x200000b8        0xc ./Core/Drv/sensing/sensing.o
                0x200000b8                vDcVolt_handler
 .bss.vNTC_handler
                0x200000c4       0x10 ./Core/Drv/sensing/sensing.o
                0x200000c4                vNTC_handler
 .bss.vSensingCurr_handler
                0x200000d4       0x38 ./Core/Drv/sensing/sensing.o
                0x200000d4                vSensingCurr_handler
 .bss.vTaskSch_totalExecCLK
                0x2000010c        0x6 ./Core/Drv/tasksch/tasksch.o
 *fill*         0x20000112        0x2 
 .bss.vTaskSch_taskList
                0x20000114       0xcf ./Core/Drv/tasksch/tasksch.o
 *fill*         0x200001e3        0x1 
 .bss.vTaskSch_info
                0x200001e4        0x9 ./Core/Drv/tasksch/tasksch.o
 *fill*         0x200001ed        0x3 
 .bss.vUserRegiTaskObj
                0x200001f0       0x48 ./Core/Drv/tasksch/tasksch_config.o
 .bss.vMtrCtrl_system
                0x20000238       0x10 ./Core/Drv/tasksch/tasksch_config.o
                0x20000238                vMtrCtrl_system
 .bss.vAdc_handler
                0x20000248       0x24 ./Core/Src/adc.o
                0x20000248                vAdc_handler
 .bss.vDac_Handler
                0x2000026c        0x6 ./Core/Src/dac.o
                0x2000026c                vDac_Handler
 *fill*         0x20000272        0x2 
 .bss.exti_hallU
                0x20000274        0x7 ./Core/Src/exti.o
 *fill*         0x2000027b        0x1 
 .bss.exti_hallV
                0x2000027c        0x7 ./Core/Src/exti.o
 *fill*         0x20000283        0x1 
 .bss.exti_hallW
                0x20000284        0x7 ./Core/Src/exti.o
 *fill*         0x2000028b        0x1 
 .bss.isr_pwm1_intrrpt_cnt_debug
                0x2000028c        0x4 ./Core/Src/isr.o
                0x2000028c                isr_pwm1_intrrpt_cnt_debug
 .bss.vPwm1_handler
                0x20000290       0x14 ./Core/Src/tim.o
                0x20000290                vPwm1_handler
 .bss.vTim2_handler
                0x200002a4        0x8 ./Core/Src/tim.o
                0x200002a4                vTim2_handler
 .bss.uart3_handler
                0x200002ac       0x10 ./Core/Src/uart.o
                0x200002ac                uart3_handler
 .bss.uart2_handler
                0x200002bc       0x10 ./Core/Src/uart.o
                0x200002bc                uart2_handler
 .bss.vLPF_phaseCurr_obj
                0x200002cc       0x10 ./Core/Src/utils.o
                0x200002cc                vLPF_phaseCurr_obj
 .bss.vLPF_RPM_obj
                0x200002dc       0x10 ./Core/Src/utils.o
                0x200002dc                vLPF_RPM_obj
 *(COMMON)
                0x200002ec                        . = ALIGN (0x4)
                0x200002ec                        _ebss = .
                0x200002ec                        __bss_end__ = _ebss

._user_heap_stack
                0x200002ec      0x604 load address 0x08003878
                0x200002f0                        . = ALIGN (0x8)
 *fill*         0x200002ec        0x4 
                [!provide]                        PROVIDE (end = .)
                0x200002f0                        PROVIDE (_end = .)
                0x200004f0                        . = (. + _Min_Heap_Size)
 *fill*         0x200002f0      0x200 
                0x200008f0                        . = (. + _Min_Stack_Size)
 *fill*         0x200004f0      0x400 
                0x200008f0                        . = ALIGN (0x8)

/DISCARD/
 libc.a(*)
 libm.a(*)
 libgcc.a(*)

.ARM.attributes
                0x00000000       0x2e
 *(.ARM.attributes)
 .ARM.attributes
                0x00000000       0x20 C:/ST/STM32CubeIDE_1.19.0/STM32CubeIDE/plugins/com.st.stm32cube.ide.mcu.externaltools.gnu-tools-for-stm32.13.3.rel1.win32_1.0.0.202411081344/tools/bin/../lib/gcc/arm-none-eabi/13.3.1/thumb/v7e-m+dp/hard/crti.o
 .ARM.attributes
                0x00000020       0x32 C:/ST/STM32CubeIDE_1.19.0/STM32CubeIDE/plugins/com.st.stm32cube.ide.mcu.externaltools.gnu-tools-for-stm32.13.3.rel1.win32_1.0.0.202411081344/tools/bin/../lib/gcc/arm-none-eabi/13.3.1/thumb/v7e-m+dp/hard/crtbegin.o
 .ARM.attributes
                0x00000052       0x32 ./Core/Drv/hallSens/hallsens.o
 .ARM.attributes
                0x00000084       0x32 ./Core/Drv/mtrCtrl/mtrCtrl.o
 .ARM.attributes
                0x000000b6       0x32 ./Core/Drv/sensing/sensing.o
 .ARM.attributes
                0x000000e8       0x32 ./Core/Drv/tasksch/tasksch.o
 .ARM.attributes
                0x0000011a       0x32 ./Core/Drv/tasksch/tasksch_config.o
 .ARM.attributes
                0x0000014c       0x32 ./Core/Src/Gpio.o
 .ARM.attributes
                0x0000017e       0x32 ./Core/Src/adc.o
 .ARM.attributes
                0x000001b0       0x32 ./Core/Src/dac.o
 .ARM.attributes
                0x000001e2       0x32 ./Core/Src/exti.o
 .ARM.attributes
                0x00000214       0x32 ./Core/Src/isr.o
 .ARM.attributes
                0x00000246       0x32 ./Core/Src/main.o
 .ARM.attributes
                0x00000278       0x32 ./Core/Src/stm32f7xx_it.o
 .ARM.attributes
                0x000002aa       0x32 ./Core/Src/system.o
 .ARM.attributes
                0x000002dc       0x32 ./Core/Src/system_stm32f7xx.o
 .ARM.attributes
                0x0000030e       0x32 ./Core/Src/tim.o
 .ARM.attributes
                0x00000340       0x32 ./Core/Src/uart.o
 .ARM.attributes
                0x00000372       0x32 ./Core/Src/utils.o
 .ARM.attributes
                0x000003a4       0x21 ./Core/Startup/startup_stm32f767vitx.o
 .ARM.attributes
                0x000003c5       0x32 C:/ST/STM32CubeIDE_1.19.0/STM32CubeIDE/plugins/com.st.stm32cube.ide.mcu.externaltools.gnu-tools-for-stm32.13.3.rel1.win32_1.0.0.202411081344/tools/bin/../lib/gcc/arm-none-eabi/13.3.1/../../../../arm-none-eabi/lib/thumb/v7e-m+dp/hard\libc_nano.a(libc_a-init.o)
 .ARM.attributes
                0x000003f7       0x20 C:/ST/STM32CubeIDE_1.19.0/STM32CubeIDE/plugins/com.st.stm32cube.ide.mcu.externaltools.gnu-tools-for-stm32.13.3.rel1.win32_1.0.0.202411081344/tools/bin/../lib/gcc/arm-none-eabi/13.3.1/thumb/v7e-m+dp/hard/crtn.o
OUTPUT(motCtrl.elf elf32-littlearm)
LOAD linker stubs
LOAD C:/ST/STM32CubeIDE_1.19.0/STM32CubeIDE/plugins/com.st.stm32cube.ide.mcu.externaltools.gnu-tools-for-stm32.13.3.rel1.win32_1.0.0.202411081344/tools/bin/../lib/gcc/arm-none-eabi/13.3.1/../../../../arm-none-eabi/lib/thumb/v7e-m+dp/hard\libc.a
LOAD C:/ST/STM32CubeIDE_1.19.0/STM32CubeIDE/plugins/com.st.stm32cube.ide.mcu.externaltools.gnu-tools-for-stm32.13.3.rel1.win32_1.0.0.202411081344/tools/bin/../lib/gcc/arm-none-eabi/13.3.1/../../../../arm-none-eabi/lib/thumb/v7e-m+dp/hard\libm.a
LOAD C:/ST/STM32CubeIDE_1.19.0/STM32CubeIDE/plugins/com.st.stm32cube.ide.mcu.externaltools.gnu-tools-for-stm32.13.3.rel1.win32_1.0.0.202411081344/tools/bin/../lib/gcc/arm-none-eabi/13.3.1/thumb/v7e-m+dp/hard\libgcc.a

.debug_info     0x00000000     0x5ae6
 .debug_info    0x00000000      0x46d ./Core/Drv/hallSens/hallsens.o
 .debug_info    0x0000046d      0x592 ./Core/Drv/mtrCtrl/mtrCtrl.o
 .debug_info    0x000009ff      0x4ec ./Core/Drv/sensing/sensing.o
 .debug_info    0x00000eeb      0x743 ./Core/Drv/tasksch/tasksch.o
 .debug_info    0x0000162e      0x5ad ./Core/Drv/tasksch/tasksch_config.o
 .debug_info    0x00001bdb      0x3a4 ./Core/Src/Gpio.o
 .debug_info    0x00001f7f      0x4f4 ./Core/Src/adc.o
 .debug_info    0x00002473      0x2e9 ./Core/Src/dac.o
 .debug_info    0x0000275c      0x7ad ./Core/Src/exti.o
 .debug_info    0x00002f09      0x254 ./Core/Src/isr.o
 .debug_info    0x0000315d      0x1ab ./Core/Src/main.o
 .debug_info    0x00003308      0x106 ./Core/Src/stm32f7xx_it.o
 .debug_info    0x0000340e      0x8e1 ./Core/Src/system.o
 .debug_info    0x00003cef      0x6ed ./Core/Src/system_stm32f7xx.o
 .debug_info    0x000043dc      0x9aa ./Core/Src/tim.o
 .debug_info    0x00004d86      0x77c ./Core/Src/uart.o
 .debug_info    0x00005502      0x5b4 ./Core/Src/utils.o
 .debug_info    0x00005ab6       0x30 ./Core/Startup/startup_stm32f767vitx.o

.debug_abbrev   0x00000000     0x1bfa
 .debug_abbrev  0x00000000      0x1fa ./Core/Drv/hallSens/hallsens.o
 .debug_abbrev  0x000001fa      0x1d5 ./Core/Drv/mtrCtrl/mtrCtrl.o
 .debug_abbrev  0x000003cf      0x1d1 ./Core/Drv/sensing/sensing.o
 .debug_abbrev  0x000005a0      0x312 ./Core/Drv/tasksch/tasksch.o
 .debug_abbrev  0x000008b2      0x244 ./Core/Drv/tasksch/tasksch_config.o
 .debug_abbrev  0x00000af6      0x151 ./Core/Src/Gpio.o
 .debug_abbrev  0x00000c47      0x213 ./Core/Src/adc.o
 .debug_abbrev  0x00000e5a      0x141 ./Core/Src/dac.o
 .debug_abbrev  0x00000f9b      0x1e2 ./Core/Src/exti.o
 .debug_abbrev  0x0000117d       0xe6 ./Core/Src/isr.o
 .debug_abbrev  0x00001263       0xa4 ./Core/Src/main.o
 .debug_abbrev  0x00001307       0x47 ./Core/Src/stm32f7xx_it.o
 .debug_abbrev  0x0000134e      0x15f ./Core/Src/system.o
 .debug_abbrev  0x000014ad      0x13b ./Core/Src/system_stm32f7xx.o
 .debug_abbrev  0x000015e8      0x256 ./Core/Src/tim.o
 .debug_abbrev  0x0000183e      0x1ff ./Core/Src/uart.o
 .debug_abbrev  0x00001a3d      0x199 ./Core/Src/utils.o
 .debug_abbrev  0x00001bd6       0x24 ./Core/Startup/startup_stm32f767vitx.o

.debug_aranges  0x00000000      0x768
 .debug_aranges
                0x00000000       0x60 ./Core/Drv/hallSens/hallsens.o
 .debug_aranges
                0x00000060       0xc0 ./Core/Drv/mtrCtrl/mtrCtrl.o
 .debug_aranges
                0x00000120       0xa0 ./Core/Drv/sensing/sensing.o
 .debug_aranges
                0x000001c0       0xf8 ./Core/Drv/tasksch/tasksch.o
 .debug_aranges
                0x000002b8       0xa0 ./Core/Drv/tasksch/tasksch_config.o
 .debug_aranges
                0x00000358       0x58 ./Core/Src/Gpio.o
 .debug_aranges
                0x000003b0       0x60 ./Core/Src/adc.o
 .debug_aranges
                0x00000410       0x30 ./Core/Src/dac.o
 .debug_aranges
                0x00000440       0x38 ./Core/Src/exti.o
 .debug_aranges
                0x00000478       0x40 ./Core/Src/isr.o
 .debug_aranges
                0x000004b8       0x20 ./Core/Src/main.o
 .debug_aranges
                0x000004d8       0x58 ./Core/Src/stm32f7xx_it.o
 .debug_aranges
                0x00000530       0x50 ./Core/Src/system.o
 .debug_aranges
                0x00000580       0x28 ./Core/Src/system_stm32f7xx.o
 .debug_aranges
                0x000005a8       0x88 ./Core/Src/tim.o
 .debug_aranges
                0x00000630       0xa0 ./Core/Src/uart.o
 .debug_aranges
                0x000006d0       0x70 ./Core/Src/utils.o
 .debug_aranges
                0x00000740       0x28 ./Core/Startup/startup_stm32f767vitx.o

.debug_rnglists
                0x00000000      0x55b
 .debug_rnglists
                0x00000000       0x48 ./Core/Drv/hallSens/hallsens.o
 .debug_rnglists
                0x00000048       0x8d ./Core/Drv/mtrCtrl/mtrCtrl.o
 .debug_rnglists
                0x000000d5       0x75 ./Core/Drv/sensing/sensing.o
 .debug_rnglists
                0x0000014a       0xbb ./Core/Drv/tasksch/tasksch.o
 .debug_rnglists
                0x00000205       0x74 ./Core/Drv/tasksch/tasksch_config.o
 .debug_rnglists
                0x00000279       0x3f ./Core/Src/Gpio.o
 .debug_rnglists
                0x000002b8       0x45 ./Core/Src/adc.o
 .debug_rnglists
                0x000002fd       0x1f ./Core/Src/dac.o
 .debug_rnglists
                0x0000031c       0x26 ./Core/Src/exti.o
 .debug_rnglists
                0x00000342       0x2b ./Core/Src/isr.o
 .debug_rnglists
                0x0000036d       0x13 ./Core/Src/main.o
 .debug_rnglists
                0x00000380       0x3d ./Core/Src/stm32f7xx_it.o
 .debug_rnglists
                0x000003bd       0x39 ./Core/Src/system.o
 .debug_rnglists
                0x000003f6       0x1a ./Core/Src/system_stm32f7xx.o
 .debug_rnglists
                0x00000410       0x65 ./Core/Src/tim.o
 .debug_rnglists
                0x00000475       0x76 ./Core/Src/uart.o
 .debug_rnglists
                0x000004eb       0x57 ./Core/Src/utils.o
 .debug_rnglists
                0x00000542       0x19 ./Core/Startup/startup_stm32f767vitx.o

.debug_macro    0x00000000    0x27151
 .debug_macro   0x00000000      0x249 ./Core/Drv/hallSens/hallsens.o
 .debug_macro   0x00000249      0xaf0 ./Core/Drv/hallSens/hallsens.o
 .debug_macro   0x00000d39       0x3b ./Core/Drv/hallSens/hallsens.o
 .debug_macro   0x00000d74       0x22 ./Core/Drv/hallSens/hallsens.o
 .debug_macro   0x00000d96       0x8e ./Core/Drv/hallSens/hallsens.o
 .debug_macro   0x00000e24       0x51 ./Core/Drv/hallSens/hallsens.o
 .debug_macro   0x00000e75      0x103 ./Core/Drv/hallSens/hallsens.o
 .debug_macro   0x00000f78       0x6a ./Core/Drv/hallSens/hallsens.o
 .debug_macro   0x00000fe2      0x1df ./Core/Drv/hallSens/hallsens.o
 .debug_macro   0x000011c1       0x1c ./Core/Drv/hallSens/hallsens.o
 .debug_macro   0x000011dd       0x22 ./Core/Drv/hallSens/hallsens.o
 .debug_macro   0x000011ff       0xd9 ./Core/Drv/hallSens/hallsens.o
 .debug_macro   0x000012d8     0x12cd ./Core/Drv/hallSens/hallsens.o
 .debug_macro   0x000025a5      0x11f ./Core/Drv/hallSens/hallsens.o
 .debug_macro   0x000026c4       0x19 ./Core/Drv/hallSens/hallsens.o
 .debug_macro   0x000026dd    0x1aa23 ./Core/Drv/hallSens/hallsens.o
 .debug_macro   0x0001d100       0x22 ./Core/Drv/hallSens/hallsens.o
 .debug_macro   0x0001d122       0xa6 ./Core/Drv/hallSens/hallsens.o
 .debug_macro   0x0001d1c8      0x287 ./Core/Drv/hallSens/hallsens.o
 .debug_macro   0x0001d44f       0x2e ./Core/Drv/hallSens/hallsens.o
 .debug_macro   0x0001d47d       0x6d ./Core/Drv/hallSens/hallsens.o
 .debug_macro   0x0001d4ea     0x375e ./Core/Drv/hallSens/hallsens.o
 .debug_macro   0x00020c48      0x190 ./Core/Drv/hallSens/hallsens.o
 .debug_macro   0x00020dd8       0x63 ./Core/Drv/hallSens/hallsens.o
 .debug_macro   0x00020e3b     0x1add ./Core/Drv/hallSens/hallsens.o
 .debug_macro   0x00022918      0x6c4 ./Core/Drv/hallSens/hallsens.o
 .debug_macro   0x00022fdc      0x18b ./Core/Drv/hallSens/hallsens.o
 .debug_macro   0x00023167      0x115 ./Core/Drv/hallSens/hallsens.o
 .debug_macro   0x0002327c      0x26e ./Core/Drv/hallSens/hallsens.o
 .debug_macro   0x000234ea       0xa5 ./Core/Drv/hallSens/hallsens.o
 .debug_macro   0x0002358f      0x24f ./Core/Drv/hallSens/hallsens.o
 .debug_macro   0x000237de       0x71 ./Core/Drv/hallSens/hallsens.o
 .debug_macro   0x0002384f       0x58 ./Core/Drv/hallSens/hallsens.o
 .debug_macro   0x000238a7      0x236 ./Core/Drv/hallSens/hallsens.o
 .debug_macro   0x00023add      0x14e ./Core/Drv/hallSens/hallsens.o
 .debug_macro   0x00023c2b      0x3db ./Core/Drv/hallSens/hallsens.o
 .debug_macro   0x00024006       0x12 ./Core/Drv/hallSens/hallsens.o
 .debug_macro   0x00024018      0x22c ./Core/Drv/hallSens/hallsens.o
 .debug_macro   0x00024244       0x61 ./Core/Drv/hallSens/hallsens.o
 .debug_macro   0x000242a5       0xa5 ./Core/Drv/hallSens/hallsens.o
 .debug_macro   0x0002434a      0x12e ./Core/Drv/hallSens/hallsens.o
 .debug_macro   0x00024478      0x108 ./Core/Drv/hallSens/hallsens.o
 .debug_macro   0x00024580       0x35 ./Core/Drv/hallSens/hallsens.o
 .debug_macro   0x000245b5      0x15b ./Core/Drv/hallSens/hallsens.o
 .debug_macro   0x00024710      0x184 ./Core/Drv/hallSens/hallsens.o
 .debug_macro   0x00024894       0x16 ./Core/Drv/hallSens/hallsens.o
 .debug_macro   0x000248aa       0x2e ./Core/Drv/hallSens/hallsens.o
 .debug_macro   0x000248d8       0x64 ./Core/Drv/hallSens/hallsens.o
 .debug_macro   0x0002493c       0x3a ./Core/Drv/hallSens/hallsens.o
 .debug_macro   0x00024976       0x28 ./Core/Drv/hallSens/hallsens.o
 .debug_macro   0x0002499e      0x22b ./Core/Drv/mtrCtrl/mtrCtrl.o
 .debug_macro   0x00024bc9      0x225 ./Core/Drv/sensing/sensing.o
 .debug_macro   0x00024dee      0x1ed ./Core/Drv/tasksch/tasksch.o
 .debug_macro   0x00024fdb       0xa0 ./Core/Drv/tasksch/tasksch.o
 .debug_macro   0x0002507b      0x305 ./Core/Drv/tasksch/tasksch_config.o
 .debug_macro   0x00025380       0x10 ./Core/Drv/tasksch/tasksch_config.o
 .debug_macro   0x00025390       0x61 ./Core/Drv/tasksch/tasksch_config.o
 .debug_macro   0x000253f1       0x29 ./Core/Drv/tasksch/tasksch_config.o
 .debug_macro   0x0002541a       0x43 ./Core/Drv/tasksch/tasksch_config.o
 .debug_macro   0x0002545d       0x34 ./Core/Drv/tasksch/tasksch_config.o
 .debug_macro   0x00025491      0x370 ./Core/Drv/tasksch/tasksch_config.o
 .debug_macro   0x00025801       0x16 ./Core/Drv/tasksch/tasksch_config.o
 .debug_macro   0x00025817       0x4a ./Core/Drv/tasksch/tasksch_config.o
 .debug_macro   0x00025861       0x34 ./Core/Drv/tasksch/tasksch_config.o
 .debug_macro   0x00025895       0x10 ./Core/Drv/tasksch/tasksch_config.o
 .debug_macro   0x000258a5       0x58 ./Core/Drv/tasksch/tasksch_config.o
 .debug_macro   0x000258fd       0x8e ./Core/Drv/tasksch/tasksch_config.o
 .debug_macro   0x0002598b       0x1c ./Core/Drv/tasksch/tasksch_config.o
 .debug_macro   0x000259a7      0x185 ./Core/Drv/tasksch/tasksch_config.o
 .debug_macro   0x00025b2c       0x10 ./Core/Drv/tasksch/tasksch_config.o
 .debug_macro   0x00025b3c       0x3c ./Core/Drv/tasksch/tasksch_config.o
 .debug_macro   0x00025b78       0x20 ./Core/Drv/tasksch/tasksch_config.o
 .debug_macro   0x00025b98      0x1e8 ./Core/Src/Gpio.o
 .debug_macro   0x00025d80      0x21c ./Core/Src/adc.o
 .debug_macro   0x00025f9c      0x1ec ./Core/Src/dac.o
 .debug_macro   0x00026188      0x1f1 ./Core/Src/exti.o
 .debug_macro   0x00026379      0x228 ./Core/Src/isr.o
 .debug_macro   0x000265a1      0x241 ./Core/Src/main.o
 .debug_macro   0x000267e2      0x1ea ./Core/Src/stm32f7xx_it.o
 .debug_macro   0x000269cc       0xc1 ./Core/Src/system.o
 .debug_macro   0x00026a8d      0x1bb ./Core/Src/system_stm32f7xx.o
 .debug_macro   0x00026c48      0x207 ./Core/Src/tim.o
 .debug_macro   0x00026e4f      0x209 ./Core/Src/uart.o
 .debug_macro   0x00027058       0xf9 ./Core/Src/utils.o

.debug_line     0x00000000     0xa5e5
 .debug_line    0x00000000      0xa54 ./Core/Drv/hallSens/hallsens.o
 .debug_line    0x00000a54      0xb2d ./Core/Drv/mtrCtrl/mtrCtrl.o
 .debug_line    0x00001581      0xb64 ./Core/Drv/sensing/sensing.o
 .debug_line    0x000020e5      0xcd0 ./Core/Drv/tasksch/tasksch.o
 .debug_line    0x00002db5      0xc60 ./Core/Drv/tasksch/tasksch_config.o
 .debug_line    0x00003a15      0x8da ./Core/Src/Gpio.o
 .debug_line    0x000042ef      0xb7c ./Core/Src/adc.o
 .debug_line    0x00004e6b      0x7ae ./Core/Src/dac.o
 .debug_line    0x00005619      0x840 ./Core/Src/exti.o
 .debug_line    0x00005e59      0x91a ./Core/Src/isr.o
 .debug_line    0x00006773      0x84b ./Core/Src/main.o
 .debug_line    0x00006fbe      0x7bc ./Core/Src/stm32f7xx_it.o
 .debug_line    0x0000777a      0x774 ./Core/Src/system.o
 .debug_line    0x00007eee      0x781 ./Core/Src/system_stm32f7xx.o
 .debug_line    0x0000866f      0xa93 ./Core/Src/tim.o
 .debug_line    0x00009102      0xa8d ./Core/Src/uart.o
 .debug_line    0x00009b8f      0x9dc ./Core/Src/utils.o
 .debug_line    0x0000a56b       0x7a ./Core/Startup/startup_stm32f767vitx.o

.debug_str      0x00000000    0xed36b
 .debug_str     0x00000000    0xed36b ./Core/Drv/hallSens/hallsens.o
                              0xe7a4f (size before relaxing)
 .debug_str     0x000ed36b    0xe7ada ./Core/Drv/mtrCtrl/mtrCtrl.o
 .debug_str     0x000ed36b    0xe7866 ./Core/Drv/sensing/sensing.o
 .debug_str     0x000ed36b    0xe7bce ./Core/Drv/tasksch/tasksch.o
 .debug_str     0x000ed36b    0xeb155 ./Core/Drv/tasksch/tasksch_config.o
 .debug_str     0x000ed36b    0xe71a0 ./Core/Src/Gpio.o
 .debug_str     0x000ed36b    0xe73e4 ./Core/Src/adc.o
 .debug_str     0x000ed36b    0xe715a ./Core/Src/dac.o
 .debug_str     0x000ed36b    0xe78ae ./Core/Src/exti.o
 .debug_str     0x000ed36b    0xe7c42 ./Core/Src/isr.o
 .debug_str     0x000ed36b    0xe7abb ./Core/Src/main.o
 .debug_str     0x000ed36b    0xe709a ./Core/Src/stm32f7xx_it.o
 .debug_str     0x000ed36b    0xa2ff2 ./Core/Src/system.o
 .debug_str     0x000ed36b    0xe6930 ./Core/Src/system_stm32f7xx.o
 .debug_str     0x000ed36b    0xe7b34 ./Core/Src/tim.o
 .debug_str     0x000ed36b    0xe73f1 ./Core/Src/uart.o
 .debug_str     0x000ed36b    0xa3315 ./Core/Src/utils.o
 .debug_str     0x000ed36b       0x71 ./Core/Startup/startup_stm32f767vitx.o

.comment        0x00000000       0x43
 .comment       0x00000000       0x43 ./Core/Drv/hallSens/hallsens.o
                                 0x44 (size before relaxing)
 .comment       0x00000043       0x44 ./Core/Drv/mtrCtrl/mtrCtrl.o
 .comment       0x00000043       0x44 ./Core/Drv/sensing/sensing.o
 .comment       0x00000043       0x44 ./Core/Drv/tasksch/tasksch.o
 .comment       0x00000043       0x44 ./Core/Drv/tasksch/tasksch_config.o
 .comment       0x00000043       0x44 ./Core/Src/Gpio.o
 .comment       0x00000043       0x44 ./Core/Src/adc.o
 .comment       0x00000043       0x44 ./Core/Src/dac.o
 .comment       0x00000043       0x44 ./Core/Src/exti.o
 .comment       0x00000043       0x44 ./Core/Src/isr.o
 .comment       0x00000043       0x44 ./Core/Src/main.o
 .comment       0x00000043       0x44 ./Core/Src/stm32f7xx_it.o
 .comment       0x00000043       0x44 ./Core/Src/system.o
 .comment       0x00000043       0x44 ./Core/Src/system_stm32f7xx.o
 .comment       0x00000043       0x44 ./Core/Src/tim.o
 .comment       0x00000043       0x44 ./Core/Src/uart.o
 .comment       0x00000043       0x44 ./Core/Src/utils.o

.debug_frame    0x00000000     0x18fc
 .debug_frame   0x00000000      0x124 ./Core/Drv/hallSens/hallsens.o
 .debug_frame   0x00000124      0x2e0 ./Core/Drv/mtrCtrl/mtrCtrl.o
 .debug_frame   0x00000404      0x22c ./Core/Drv/sensing/sensing.o
 .debug_frame   0x00000630      0x3b0 ./Core/Drv/tasksch/tasksch.o
 .debug_frame   0x000009e0      0x234 ./Core/Drv/tasksch/tasksch_config.o
 .debug_frame   0x00000c14      0x14c ./Core/Src/Gpio.o
 .debug_frame   0x00000d60      0x138 ./Core/Src/adc.o
 .debug_frame   0x00000e98       0x7c ./Core/Src/dac.o
 .debug_frame   0x00000f14       0xac ./Core/Src/exti.o
 .debug_frame   0x00000fc0       0x9c ./Core/Src/isr.o
 .debug_frame   0x0000105c       0x2c ./Core/Src/main.o
 .debug_frame   0x00001088       0xe8 ./Core/Src/stm32f7xx_it.o
 .debug_frame   0x00001170       0xf4 ./Core/Src/system.o
 .debug_frame   0x00001264       0x58 ./Core/Src/system_stm32f7xx.o
 .debug_frame   0x000012bc      0x1e4 ./Core/Src/tim.o
 .debug_frame   0x000014a0      0x280 ./Core/Src/uart.o
 .debug_frame   0x00001720      0x1b0 ./Core/Src/utils.o
 .debug_frame   0x000018d0       0x2c C:/ST/STM32CubeIDE_1.19.0/STM32CubeIDE/plugins/com.st.stm32cube.ide.mcu.externaltools.gnu-tools-for-stm32.13.3.rel1.win32_1.0.0.202411081344/tools/bin/../lib/gcc/arm-none-eabi/13.3.1/../../../../arm-none-eabi/lib/thumb/v7e-m+dp/hard\libc_nano.a(libc_a-init.o)

.debug_line_str
                0x00000000       0x55
 .debug_line_str
                0x00000000       0x55 ./Core/Startup/startup_stm32f767vitx.o
