../Core/Drv/mtrCtrl/mtrCtrl.c:20:6:mtrCtrl_PI_clearTerms	4	static
../Core/Drv/mtrCtrl/mtrCtrl.c:29:6:mtrCtrl_PI_setTunings	16	static
../Core/Drv/mtrCtrl/mtrCtrl.c:35:6:mtrCtrl_PI_setRPMRef	16	static
../Core/Drv/mtrCtrl/mtrCtrl.c:40:13:mtrCtrl_PI_init	16	static
../Core/Drv/mtrCtrl/mtrCtrl.c:51:7:mtrCtrl_PI_getRPMRef	4	static
../Core/Drv/mtrCtrl/mtrCtrl.c:58:6:mtrCtrl_PI_update	16	static
../Core/Drv/mtrCtrl/mtrCtrl.c:94:6:mtrCtrl_objInit	16	static
../Core/Drv/mtrCtrl/mtrCtrl.c:112:6:mtrCtrl_calc_mtrSpeed	8	static
../Core/Drv/mtrCtrl/mtrCtrl.c:118:7:mtrCtrl_getMotorSpeed_KMH	4	static
../Core/Drv/mtrCtrl/mtrCtrl.c:123:6:mtrCtrl_setFinalCCR_refVal	16	static
../Core/Drv/mtrCtrl/mtrCtrl.c:137:10:mtrCtrl_getFinalCCR_refVal	4	static
../Core/Drv/mtrCtrl/mtrCtrl.c:142:25:mtrCtrl_getSelCtrlMode	4	static
../Core/Drv/mtrCtrl/mtrCtrl.c:147:6:mtrCtrl_setSelCtrlMode	16	static
../Core/Drv/mtrCtrl/mtrCtrl.c:152:6:mtrCtrl_getPeriphInit	4	static
../Core/Drv/mtrCtrl/mtrCtrl.c:157:6:mtrCtrl_setPeriphInit	4	static
../Core/Drv/mtrCtrl/mtrCtrl.c:162:6:mtrCtrl_setCtrlContinue	16	static
../Core/Drv/mtrCtrl/mtrCtrl.c:167:6:mtrCtrl_getCtrlContinue	4	static
../Core/Drv/mtrCtrl/mtrCtrl.c:173:6:mtrCtrl_chkErrSt	16	static
../Core/Drv/mtrCtrl/mtrCtrl.c:239:20:mtrCtrl_getErrCode	4	static
../Core/Drv/mtrCtrl/mtrCtrl.c:244:6:mtrCtrl_getAppInit_flg	4	static
../Core/Drv/mtrCtrl/mtrCtrl.c:249:6:mtrCtrl_setAppInit_flg	4	static
