../Core/Drv/mtrCtrl/mtrCtrl.c:19:6:mtrCtrl_PI_clearTerms	4	static
../Core/Drv/mtrCtrl/mtrCtrl.c:26:6:mtrCtrl_PI_setTunings	16	static
../Core/Drv/mtrCtrl/mtrCtrl.c:32:6:mtrCtrl_PI_setRPMRef	16	static
../Core/Drv/mtrCtrl/mtrCtrl.c:37:13:mtrCtrl_PI_init	16	static
../Core/Drv/mtrCtrl/mtrCtrl.c:48:7:mtrCtrl_PI_getRPMRef	4	static
../Core/Drv/mtrCtrl/mtrCtrl.c:59:6:mtrCtrl_PI_update	16	static
../Core/Drv/mtrCtrl/mtrCtrl.c:86:6:mtrCtrl_objInit	16	static
../Core/Drv/mtrCtrl/mtrCtrl.c:104:6:mtrCtrl_calc_mtrSpeed	8	static
../Core/Drv/mtrCtrl/mtrCtrl.c:110:7:mtrCtrl_getMotorSpeed_KMH	4	static
../Core/Drv/mtrCtrl/mtrCtrl.c:115:6:mtrCtrl_setFinalCCR_refVal	16	static
../Core/Drv/mtrCtrl/mtrCtrl.c:129:10:mtrCtrl_getFinalCCR_refVal	4	static
../Core/Drv/mtrCtrl/mtrCtrl.c:134:25:mtrCtrl_getSelCtrlMode	4	static
../Core/Drv/mtrCtrl/mtrCtrl.c:139:6:mtrCtrl_setSelCtrlMode	16	static
../Core/Drv/mtrCtrl/mtrCtrl.c:144:6:mtrCtrl_getPeriphInit	4	static
../Core/Drv/mtrCtrl/mtrCtrl.c:149:6:mtrCtrl_setPeriphInit	4	static
../Core/Drv/mtrCtrl/mtrCtrl.c:154:6:mtrCtrl_setCtrlContinue	16	static
../Core/Drv/mtrCtrl/mtrCtrl.c:159:6:mtrCtrl_getCtrlContinue	4	static
../Core/Drv/mtrCtrl/mtrCtrl.c:165:6:mtrCtrl_chkErrSt	16	static
../Core/Drv/mtrCtrl/mtrCtrl.c:231:20:mtrCtrl_getErrCode	4	static
../Core/Drv/mtrCtrl/mtrCtrl.c:236:6:mtrCtrl_getAppInit_flg	4	static
../Core/Drv/mtrCtrl/mtrCtrl.c:241:6:mtrCtrl_setAppInit_flg	4	static
